==================================================
2026年  7月  3日 金曜日 17:09:15 JST: TRAIN s1a
2026-07-03 17:09:17,061 train Device cuda | model s1a | seed 42
2026-07-03 17:09:17,066 verification Split: train=816 val=59 test=224 | CSVs on disk=1095 | seed=42
2026-07-03 17:09:17,066 verification window=300 stride=150 enroll_ratio=0.70 gap=1200 samples nan_ratio=0.20
2026-07-03 17:09:17,070 verification [skip] no CSV for 133-06
2026-07-03 17:09:17,071 verification [skip] no CSV for 134-14
2026-07-03 17:09:17,071 verification [skip] no CSV for 137-11
2026-07-03 17:09:17,077 verification Cached 813/816 subjects in cache_verification
2026-07-03 17:09:21,246 verification Channel stats from 813 subjects, 95165321 frames.
2026-07-03 17:09:21,473 train Dataset: 813 identities, 631782 windows.
2026-07-03 17:09:21,844 train Loss: supcon
2026-07-03 17:09:21,844 train Trainable parameters: 21570968
2026-07-03 17:09:22,751 train Training 150 epochs (500 batches/epoch, batch=256)...
2026-07-03 17:09:40,078 train Epoch 001/150 | supcon 5.3519 | LR 3.00e-05
2026-07-03 17:09:55,823 train Epoch 002/150 | supcon 4.7506 | LR 8.40e-05
2026-07-03 17:10:12,322 train Epoch 003/150 | supcon 4.4867 | LR 1.38e-04
2026-07-03 17:10:28,432 train Epoch 004/150 | supcon 4.3458 | LR 1.92e-04
2026-07-03 17:10:44,342 train Epoch 005/150 | supcon 4.3212 | LR 2.46e-04
2026-07-03 17:11:00,712 train Epoch 006/150 | supcon 4.2265 | LR 3.00e-04
2026-07-03 17:11:17,197 train Epoch 007/150 | supcon 4.1076 | LR 3.00e-04
2026-07-03 17:11:33,243 train Epoch 008/150 | supcon 4.0525 | LR 3.00e-04
2026-07-03 17:11:49,214 train Epoch 009/150 | supcon 3.9681 | LR 3.00e-04
2026-07-03 17:12:05,344 verification [skip] no CSV for 131-03
2026-07-03 17:12:05,345 verification Cached 58/59 subjects in cache_verification
2026-07-03 17:12:07,408 train Epoch 010/150 | supcon 3.9102 | LR 2.99e-04 | val EER 6.68% rank1 43.1%  ★ best
2026-07-03 17:12:23,185 train Epoch 011/150 | supcon 3.8686 | LR 2.99e-04
2026-07-03 17:12:39,380 train Epoch 012/150 | supcon 3.8399 | LR 2.99e-04
2026-07-03 17:12:55,181 train Epoch 013/150 | supcon 3.8146 | LR 2.98e-04
2026-07-03 17:13:11,730 train Epoch 014/150 | supcon 3.7753 | LR 2.98e-04
2026-07-03 17:13:28,328 train Epoch 015/150 | supcon 3.7362 | LR 2.97e-04
2026-07-03 17:13:44,130 train Epoch 016/150 | supcon 3.6873 | LR 2.96e-04
2026-07-03 17:14:01,510 train Epoch 017/150 | supcon 3.6639 | LR 2.96e-04
2026-07-03 17:14:18,891 train Epoch 018/150 | supcon 3.6663 | LR 2.95e-04
2026-07-03 17:14:36,275 train Epoch 019/150 | supcon 3.6384 | LR 2.94e-04
2026-07-03 17:14:53,608 verification [skip] no CSV for 131-03
2026-07-03 17:14:53,609 verification Cached 58/59 subjects in cache_verification
2026-07-03 17:14:55,664 train Epoch 020/150 | supcon 3.6293 | LR 2.93e-04 | val EER 6.90% rank1 48.3%
2026-07-03 17:15:13,009 train Epoch 021/150 | supcon 3.6100 | LR 2.92e-04
2026-07-03 17:15:30,550 train Epoch 022/150 | supcon 3.5814 | LR 2.91e-04
2026-07-03 17:15:47,812 train Epoch 023/150 | supcon 3.5706 | LR 2.90e-04
2026-07-03 17:16:04,135 train Epoch 024/150 | supcon 3.5362 | LR 2.89e-04
2026-07-03 17:16:20,444 train Epoch 025/150 | supcon 3.5313 | LR 2.87e-04
2026-07-03 17:16:36,789 train Epoch 026/150 | supcon 3.5095 | LR 2.86e-04
2026-07-03 17:16:52,983 train Epoch 027/150 | supcon 3.5011 | LR 2.85e-04
2026-07-03 17:17:10,217 train Epoch 028/150 | supcon 3.4751 | LR 2.83e-04
2026-07-03 17:17:27,977 train Epoch 029/150 | supcon 3.4702 | LR 2.82e-04
2026-07-03 17:17:44,939 verification [skip] no CSV for 131-03
2026-07-03 17:17:44,940 verification Cached 58/59 subjects in cache_verification
2026-07-03 17:17:46,925 train Epoch 030/150 | supcon 3.4672 | LR 2.80e-04 | val EER 6.61% rank1 44.8%  ★ best
2026-07-03 17:18:03,628 train Epoch 031/150 | supcon 3.4498 | LR 2.79e-04
2026-07-03 17:18:20,299 train Epoch 032/150 | supcon 3.4438 | LR 2.77e-04
2026-07-03 17:18:36,789 train Epoch 033/150 | supcon 3.4027 | LR 2.75e-04
2026-07-03 17:18:52,386 train Epoch 034/150 | supcon 3.3966 | LR 2.73e-04
2026-07-03 17:19:08,038 train Epoch 035/150 | supcon 3.4108 | LR 2.71e-04
2026-07-03 17:19:24,116 train Epoch 036/150 | supcon 3.3883 | LR 2.69e-04
2026-07-03 17:19:39,875 train Epoch 037/150 | supcon 3.3761 | LR 2.67e-04
2026-07-03 17:19:56,356 train Epoch 038/150 | supcon 3.3621 | LR 2.65e-04
2026-07-03 17:20:12,260 train Epoch 039/150 | supcon 3.3528 | LR 2.63e-04
2026-07-03 17:20:28,677 verification [skip] no CSV for 131-03
2026-07-03 17:20:28,678 verification Cached 58/59 subjects in cache_verification
2026-07-03 17:20:30,638 train Epoch 040/150 | supcon 3.3560 | LR 2.61e-04 | val EER 5.17% rank1 55.2%  ★ best
2026-07-03 17:20:47,364 train Epoch 041/150 | supcon 3.3373 | LR 2.59e-04
2026-07-03 17:21:03,668 train Epoch 042/150 | supcon 3.3349 | LR 2.57e-04
2026-07-03 17:21:19,623 train Epoch 043/150 | supcon 3.3019 | LR 2.54e-04
2026-07-03 17:21:35,577 train Epoch 044/150 | supcon 3.3042 | LR 2.52e-04
2026-07-03 17:21:51,518 train Epoch 045/150 | supcon 3.2945 | LR 2.50e-04
2026-07-03 17:22:08,056 train Epoch 046/150 | supcon 3.2780 | LR 2.47e-04
2026-07-03 17:22:24,761 train Epoch 047/150 | supcon 3.2825 | LR 2.45e-04
2026-07-03 17:22:40,525 train Epoch 048/150 | supcon 3.2734 | LR 2.42e-04
2026-07-03 17:22:57,083 train Epoch 049/150 | supcon 3.2702 | LR 2.40e-04
2026-07-03 17:23:12,717 verification [skip] no CSV for 131-03
2026-07-03 17:23:12,718 verification Cached 58/59 subjects in cache_verification
2026-07-03 17:23:14,675 train Epoch 050/150 | supcon 3.2541 | LR 2.37e-04 | val EER 3.60% rank1 74.1%  ★ best
2026-07-03 17:23:31,150 train Epoch 051/150 | supcon 3.2474 | LR 2.34e-04
2026-07-03 17:23:47,671 train Epoch 052/150 | supcon 3.2334 | LR 2.32e-04
2026-07-03 17:24:03,853 train Epoch 053/150 | supcon 3.2390 | LR 2.29e-04
2026-07-03 17:24:19,553 train Epoch 054/150 | supcon 3.2132 | LR 2.26e-04
2026-07-03 17:24:35,191 train Epoch 055/150 | supcon 3.2080 | LR 2.23e-04
2026-07-03 17:24:51,416 train Epoch 056/150 | supcon 3.2013 | LR 2.20e-04
2026-07-03 17:25:07,585 train Epoch 057/150 | supcon 3.1973 | LR 2.17e-04
2026-07-03 17:25:23,418 train Epoch 058/150 | supcon 3.1864 | LR 2.15e-04
2026-07-03 17:25:39,615 train Epoch 059/150 | supcon 3.1851 | LR 2.12e-04
2026-07-03 17:25:55,875 verification [skip] no CSV for 131-03
2026-07-03 17:25:55,876 verification Cached 58/59 subjects in cache_verification
2026-07-03 17:25:57,835 train Epoch 060/150 | supcon 3.1737 | LR 2.09e-04 | val EER 5.20% rank1 69.0%
2026-07-03 17:26:14,178 train Epoch 061/150 | supcon 3.1687 | LR 2.06e-04
2026-07-03 17:26:29,740 train Epoch 062/150 | supcon 3.1454 | LR 2.03e-04
2026-07-03 17:26:46,038 train Epoch 063/150 | supcon 3.1492 | LR 2.00e-04
2026-07-03 17:27:01,972 train Epoch 064/150 | supcon 3.1391 | LR 1.96e-04
2026-07-03 17:27:18,127 train Epoch 065/150 | supcon 3.1390 | LR 1.93e-04
2026-07-03 17:27:34,104 train Epoch 066/150 | supcon 3.1284 | LR 1.90e-04
2026-07-03 17:27:50,619 train Epoch 067/150 | supcon 3.1068 | LR 1.87e-04
2026-07-03 17:28:06,679 train Epoch 068/150 | supcon 3.1070 | LR 1.84e-04
2026-07-03 17:28:22,376 train Epoch 069/150 | supcon 3.1229 | LR 1.81e-04
2026-07-03 17:28:38,044 verification [skip] no CSV for 131-03
2026-07-03 17:28:38,045 verification Cached 58/59 subjects in cache_verification
2026-07-03 17:28:40,001 train Epoch 070/150 | supcon 3.1004 | LR 1.78e-04 | val EER 4.99% rank1 70.7%
2026-07-03 17:28:56,187 train Epoch 071/150 | supcon 3.0960 | LR 1.74e-04
2026-07-03 17:29:12,072 train Epoch 072/150 | supcon 3.0912 | LR 1.71e-04
2026-07-03 17:29:27,911 train Epoch 073/150 | supcon 3.0772 | LR 1.68e-04
2026-07-03 17:29:43,750 train Epoch 074/150 | supcon 3.0858 | LR 1.65e-04
2026-07-03 17:29:59,508 train Epoch 075/150 | supcon 3.0760 | LR 1.62e-04
2026-07-03 17:30:15,412 train Epoch 076/150 | supcon 3.0535 | LR 1.58e-04
2026-07-03 17:30:31,268 train Epoch 077/150 | supcon 3.0551 | LR 1.55e-04
2026-07-03 17:30:46,951 train Epoch 078/150 | supcon 3.0526 | LR 1.52e-04
2026-07-03 17:31:02,688 train Epoch 079/150 | supcon 3.0287 | LR 1.49e-04
2026-07-03 17:31:18,372 verification [skip] no CSV for 131-03
2026-07-03 17:31:18,373 verification Cached 58/59 subjects in cache_verification
2026-07-03 17:31:20,324 train Epoch 080/150 | supcon 3.0339 | LR 1.45e-04 | val EER 3.45% rank1 74.1%  ★ best
2026-07-03 17:31:36,430 train Epoch 081/150 | supcon 3.0365 | LR 1.42e-04
2026-07-03 17:31:52,271 train Epoch 082/150 | supcon 3.0238 | LR 1.39e-04
2026-07-03 17:32:08,724 train Epoch 083/150 | supcon 3.0034 | LR 1.36e-04
2026-07-03 17:32:24,581 train Epoch 084/150 | supcon 3.0056 | LR 1.32e-04
2026-07-03 17:32:40,328 train Epoch 085/150 | supcon 3.0069 | LR 1.29e-04
2026-07-03 17:32:56,469 train Epoch 086/150 | supcon 2.9964 | LR 1.26e-04
2026-07-03 17:33:12,887 train Epoch 087/150 | supcon 2.9802 | LR 1.23e-04
2026-07-03 17:33:28,651 train Epoch 088/150 | supcon 2.9853 | LR 1.20e-04
2026-07-03 17:33:44,243 train Epoch 089/150 | supcon 2.9608 | LR 1.16e-04
2026-07-03 17:34:00,085 verification [skip] no CSV for 131-03
2026-07-03 17:34:00,086 verification Cached 58/59 subjects in cache_verification
2026-07-03 17:34:02,039 train Epoch 090/150 | supcon 2.9698 | LR 1.13e-04 | val EER 3.58% rank1 74.1%
2026-07-03 17:34:18,165 train Epoch 091/150 | supcon 2.9638 | LR 1.10e-04
2026-07-03 17:34:34,433 train Epoch 092/150 | supcon 2.9534 | LR 1.07e-04
2026-07-03 17:34:50,137 train Epoch 093/150 | supcon 2.9534 | LR 1.04e-04
2026-07-03 17:35:06,424 train Epoch 094/150 | supcon 2.9360 | LR 1.01e-04
2026-07-03 17:35:22,847 train Epoch 095/150 | supcon 2.9366 | LR 9.77e-05
2026-07-03 17:35:38,627 train Epoch 096/150 | supcon 2.9292 | LR 9.47e-05
2026-07-03 17:35:54,732 train Epoch 097/150 | supcon 2.9342 | LR 9.17e-05
2026-07-03 17:36:10,610 train Epoch 098/150 | supcon 2.9189 | LR 8.87e-05
2026-07-03 17:36:26,973 train Epoch 099/150 | supcon 2.9193 | LR 8.58e-05
2026-07-03 17:36:42,959 verification [skip] no CSV for 131-03
2026-07-03 17:36:42,960 verification Cached 58/59 subjects in cache_verification
2026-07-03 17:36:44,907 train Epoch 100/150 | supcon 2.9120 | LR 8.28e-05 | val EER 3.45% rank1 86.2%
2026-07-03 17:37:01,338 train Epoch 101/150 | supcon 2.9105 | LR 8.00e-05
2026-07-03 17:37:17,769 train Epoch 102/150 | supcon 2.9085 | LR 7.71e-05
2026-07-03 17:37:34,478 train Epoch 103/150 | supcon 2.8890 | LR 7.43e-05
2026-07-03 17:37:51,857 train Epoch 104/150 | supcon 2.8844 | LR 7.15e-05
2026-07-03 17:38:09,227 train Epoch 105/150 | supcon 2.8949 | LR 6.88e-05
2026-07-03 17:38:26,708 train Epoch 106/150 | supcon 2.8865 | LR 6.61e-05
2026-07-03 17:38:44,197 train Epoch 107/150 | supcon 2.8734 | LR 6.34e-05
2026-07-03 17:39:00,451 train Epoch 108/150 | supcon 2.8763 | LR 6.08e-05
2026-07-03 17:39:17,495 train Epoch 109/150 | supcon 2.8640 | LR 5.82e-05
2026-07-03 17:39:34,803 verification [skip] no CSV for 131-03
2026-07-03 17:39:34,804 verification Cached 58/59 subjects in cache_verification
2026-07-03 17:39:36,796 train Epoch 110/150 | supcon 2.8549 | LR 5.56e-05 | val EER 4.92% rank1 79.3%
2026-07-03 17:39:54,109 train Epoch 111/150 | supcon 2.8552 | LR 5.31e-05
2026-07-03 17:40:11,512 train Epoch 112/150 | supcon 2.8515 | LR 5.07e-05
2026-07-03 17:40:28,983 train Epoch 113/150 | supcon 2.8510 | LR 4.83e-05
2026-07-03 17:40:46,422 train Epoch 114/150 | supcon 2.8323 | LR 4.59e-05
2026-07-03 17:41:03,879 train Epoch 115/150 | supcon 2.8377 | LR 4.36e-05
2026-07-03 17:41:21,192 train Epoch 116/150 | supcon 2.8358 | LR 4.14e-05
2026-07-03 17:41:38,575 train Epoch 117/150 | supcon 2.8287 | LR 3.92e-05
2026-07-03 17:41:55,913 train Epoch 118/150 | supcon 2.8217 | LR 3.70e-05
2026-07-03 17:42:13,206 train Epoch 119/150 | supcon 2.8134 | LR 3.49e-05
2026-07-03 17:42:30,617 verification [skip] no CSV for 131-03
2026-07-03 17:42:30,617 verification Cached 58/59 subjects in cache_verification
2026-07-03 17:42:32,573 train Epoch 120/150 | supcon 2.8139 | LR 3.28e-05 | val EER 3.45% rank1 81.0%
2026-07-03 17:42:49,942 train Epoch 121/150 | supcon 2.8077 | LR 3.09e-05
2026-07-03 17:43:07,408 train Epoch 122/150 | supcon 2.8032 | LR 2.89e-05
2026-07-03 17:43:24,837 train Epoch 123/150 | supcon 2.8108 | LR 2.70e-05
2026-07-03 17:43:42,062 train Epoch 124/150 | supcon 2.7982 | LR 2.52e-05
2026-07-03 17:43:59,480 train Epoch 125/150 | supcon 2.7950 | LR 2.35e-05
2026-07-03 17:44:16,540 train Epoch 126/150 | supcon 2.7911 | LR 2.17e-05
2026-07-03 17:44:34,025 train Epoch 127/150 | supcon 2.7848 | LR 2.01e-05
2026-07-03 17:44:51,250 train Epoch 128/150 | supcon 2.7849 | LR 1.85e-05
2026-07-03 17:45:08,620 train Epoch 129/150 | supcon 2.7899 | LR 1.70e-05
2026-07-03 17:45:26,006 verification [skip] no CSV for 131-03
2026-07-03 17:45:26,007 verification Cached 58/59 subjects in cache_verification
2026-07-03 17:45:28,003 train Epoch 130/150 | supcon 2.7847 | LR 1.55e-05 | val EER 3.45% rank1 81.0%
2026-07-03 17:45:45,366 train Epoch 131/150 | supcon 2.7768 | LR 1.41e-05
2026-07-03 17:46:02,763 train Epoch 132/150 | supcon 2.7749 | LR 1.28e-05
2026-07-03 17:46:20,223 train Epoch 133/150 | supcon 2.7735 | LR 1.16e-05
2026-07-03 17:46:37,524 train Epoch 134/150 | supcon 2.7744 | LR 1.04e-05
2026-07-03 17:46:54,835 train Epoch 135/150 | supcon 2.7658 | LR 9.21e-06
2026-07-03 17:47:12,146 train Epoch 136/150 | supcon 2.7679 | LR 8.14e-06
2026-07-03 17:47:29,473 train Epoch 137/150 | supcon 2.7648 | LR 7.14e-06
2026-07-03 17:47:46,830 train Epoch 138/150 | supcon 2.7677 | LR 6.20e-06
2026-07-03 17:48:04,170 train Epoch 139/150 | supcon 2.7520 | LR 5.34e-06
2026-07-03 17:48:21,590 verification [skip] no CSV for 131-03
2026-07-03 17:48:21,591 verification Cached 58/59 subjects in cache_verification
2026-07-03 17:48:23,584 train Epoch 140/150 | supcon 2.7551 | LR 4.54e-06 | val EER 4.82% rank1 79.3%
2026-07-03 17:48:40,992 train Epoch 141/150 | supcon 2.7514 | LR 3.80e-06
2026-07-03 17:48:58,313 train Epoch 142/150 | supcon 2.7605 | LR 3.14e-06
2026-07-03 17:49:15,688 train Epoch 143/150 | supcon 2.7607 | LR 2.55e-06
2026-07-03 17:49:33,064 train Epoch 144/150 | supcon 2.7569 | LR 2.02e-06
2026-07-03 17:49:50,588 train Epoch 145/150 | supcon 2.7529 | LR 1.56e-06
2026-07-03 17:50:08,005 train Epoch 146/150 | supcon 2.7504 | LR 1.18e-06
2026-07-03 17:50:25,308 train Epoch 147/150 | supcon 2.7532 | LR 8.62e-07
2026-07-03 17:50:42,640 train Epoch 148/150 | supcon 2.7557 | LR 6.16e-07
2026-07-03 17:50:59,952 train Epoch 149/150 | supcon 2.7539 | LR 4.41e-07
2026-07-03 17:51:16,989 verification [skip] no CSV for 131-03
2026-07-03 17:51:16,990 verification Cached 58/59 subjects in cache_verification
2026-07-03 17:51:18,946 train Epoch 150/150 | supcon 2.7431 | LR 3.35e-07 | val EER 4.85% rank1 82.8%
2026-07-03 17:51:19,129 train Done. Best val eer: 0.0345 → checkpoints_verification/s1a.pt
2026-07-03 17:51:19,129 train Per-epoch history → checkpoints_verification/s1a_history.csv  (plot: python plot_metrics.py curves --history checkpoints_verification/s1a_history.csv)
