nohup: ignoring input
2026年  7月  3日 金曜日 16:19:26 JST: GPU 3 free. Starting S-family...
==================================================
2026年  7月  3日 金曜日 16:19:26 JST: TRAIN s1
2026-07-03 16:19:28,264 train Device cuda | model s1 | seed 42
2026-07-03 16:19:28,269 verification Split: train=816 val=59 test=224 | CSVs on disk=1095 | seed=42
2026-07-03 16:19:28,269 verification window=300 stride=150 enroll_ratio=0.70 gap=1200 samples nan_ratio=0.20
2026-07-03 16:22:30,283 verification [skip] no CSV for 133-06
2026-07-03 16:22:38,217 verification [skip] no CSV for 134-14
2026-07-03 16:22:55,940 verification [skip] no CSV for 137-11
2026-07-03 16:27:07,230 verification Cached 813/816 subjects in cache_verification
2026-07-03 16:27:11,909 verification Channel stats from 813 subjects, 95165321 frames.
2026-07-03 16:27:12,118 train Dataset: 813 identities, 631782 windows.
2026-07-03 16:27:12,536 train Loss: supcon
2026-07-03 16:27:12,536 train Trainable parameters: 21570968
2026-07-03 16:27:13,492 train Training 150 epochs (500 batches/epoch, batch=256)...
2026-07-03 16:27:31,612 train Epoch 001/150 | supcon 5.3519 | LR 3.00e-05
2026-07-03 16:27:48,412 train Epoch 002/150 | supcon 4.7506 | LR 8.40e-05
2026-07-03 16:28:06,289 train Epoch 003/150 | supcon 4.4867 | LR 1.38e-04
2026-07-03 16:28:23,828 train Epoch 004/150 | supcon 4.3458 | LR 1.92e-04
2026-07-03 16:28:41,382 train Epoch 005/150 | supcon 4.3212 | LR 2.46e-04
2026-07-03 16:28:59,421 train Epoch 006/150 | supcon 4.2265 | LR 3.00e-04
2026-07-03 16:29:17,258 train Epoch 007/150 | supcon 4.1076 | LR 3.00e-04
2026-07-03 16:29:34,661 train Epoch 008/150 | supcon 4.0525 | LR 3.00e-04
2026-07-03 16:29:51,364 train Epoch 009/150 | supcon 3.9681 | LR 3.00e-04
2026-07-03 16:30:25,033 verification [skip] no CSV for 131-03
2026-07-03 16:30:43,644 verification Cached 58/59 subjects in cache_verification
2026-07-03 16:30:45,775 train Epoch 010/150 | supcon 3.9102 | LR 2.99e-04 | val EER 6.68% rank1 43.1%  ★ best
2026-07-03 16:31:03,413 train Epoch 011/150 | supcon 3.8686 | LR 2.99e-04
2026-07-03 16:31:21,122 train Epoch 012/150 | supcon 3.8399 | LR 2.99e-04
2026-07-03 16:31:38,734 train Epoch 013/150 | supcon 3.8146 | LR 2.98e-04
2026-07-03 16:31:56,705 train Epoch 014/150 | supcon 3.7753 | LR 2.98e-04
2026-07-03 16:32:14,281 train Epoch 015/150 | supcon 3.7362 | LR 2.97e-04
2026-07-03 16:32:31,259 train Epoch 016/150 | supcon 3.6873 | LR 2.96e-04
2026-07-03 16:32:47,104 train Epoch 017/150 | supcon 3.6639 | LR 2.96e-04
2026-07-03 16:33:02,961 train Epoch 018/150 | supcon 3.6663 | LR 2.95e-04
2026-07-03 16:33:19,531 train Epoch 019/150 | supcon 3.6384 | LR 2.94e-04
2026-07-03 16:33:35,296 verification [skip] no CSV for 131-03
2026-07-03 16:33:35,297 verification Cached 58/59 subjects in cache_verification
2026-07-03 16:33:37,310 train Epoch 020/150 | supcon 3.6293 | LR 2.93e-04 | val EER 6.90% rank1 48.3%
2026-07-03 16:33:53,592 train Epoch 021/150 | supcon 3.6100 | LR 2.92e-04
2026-07-03 16:34:10,266 train Epoch 022/150 | supcon 3.5814 | LR 2.91e-04
2026-07-03 16:34:26,605 train Epoch 023/150 | supcon 3.5706 | LR 2.90e-04
2026-07-03 16:34:42,845 train Epoch 024/150 | supcon 3.5362 | LR 2.89e-04
2026-07-03 16:34:59,244 train Epoch 025/150 | supcon 3.5313 | LR 2.87e-04
2026-07-03 16:35:15,913 train Epoch 026/150 | supcon 3.5095 | LR 2.86e-04
2026-07-03 16:35:32,346 train Epoch 027/150 | supcon 3.5011 | LR 2.85e-04
2026-07-03 16:35:48,252 train Epoch 028/150 | supcon 3.4751 | LR 2.83e-04
2026-07-03 16:36:04,676 train Epoch 029/150 | supcon 3.4702 | LR 2.82e-04
2026-07-03 16:36:20,742 verification [skip] no CSV for 131-03
2026-07-03 16:36:20,743 verification Cached 58/59 subjects in cache_verification
2026-07-03 16:36:22,713 train Epoch 030/150 | supcon 3.4672 | LR 2.80e-04 | val EER 6.61% rank1 44.8%  ★ best
2026-07-03 16:36:38,699 train Epoch 031/150 | supcon 3.4498 | LR 2.79e-04
2026-07-03 16:36:55,048 train Epoch 032/150 | supcon 3.4438 | LR 2.77e-04
2026-07-03 16:37:11,207 train Epoch 033/150 | supcon 3.4027 | LR 2.75e-04
2026-07-03 16:37:27,688 train Epoch 034/150 | supcon 3.3966 | LR 2.73e-04
2026-07-03 16:37:44,060 train Epoch 035/150 | supcon 3.4108 | LR 2.71e-04
2026-07-03 16:38:00,617 train Epoch 036/150 | supcon 3.3883 | LR 2.69e-04
2026-07-03 16:38:17,008 train Epoch 037/150 | supcon 3.3761 | LR 2.67e-04
2026-07-03 16:38:33,517 train Epoch 038/150 | supcon 3.3621 | LR 2.65e-04
2026-07-03 16:38:50,041 train Epoch 039/150 | supcon 3.3528 | LR 2.63e-04
2026-07-03 16:39:06,480 verification [skip] no CSV for 131-03
2026-07-03 16:39:06,480 verification Cached 58/59 subjects in cache_verification
2026-07-03 16:39:08,440 train Epoch 040/150 | supcon 3.3560 | LR 2.61e-04 | val EER 5.17% rank1 55.2%  ★ best
2026-07-03 16:39:24,491 train Epoch 041/150 | supcon 3.3373 | LR 2.59e-04
2026-07-03 16:39:40,653 train Epoch 042/150 | supcon 3.3349 | LR 2.57e-04
2026-07-03 16:39:56,619 train Epoch 043/150 | supcon 3.3019 | LR 2.54e-04
2026-07-03 16:40:12,344 train Epoch 044/150 | supcon 3.3042 | LR 2.52e-04
2026-07-03 16:40:28,797 train Epoch 045/150 | supcon 3.2945 | LR 2.50e-04
2026-07-03 16:40:45,366 train Epoch 046/150 | supcon 3.2780 | LR 2.47e-04
2026-07-03 16:41:01,834 train Epoch 047/150 | supcon 3.2825 | LR 2.45e-04
2026-07-03 16:41:18,327 train Epoch 048/150 | supcon 3.2734 | LR 2.42e-04
2026-07-03 16:41:34,365 train Epoch 049/150 | supcon 3.2702 | LR 2.40e-04
2026-07-03 16:41:50,263 verification [skip] no CSV for 131-03
2026-07-03 16:41:50,264 verification Cached 58/59 subjects in cache_verification
2026-07-03 16:41:52,212 train Epoch 050/150 | supcon 3.2541 | LR 2.37e-04 | val EER 3.60% rank1 74.1%  ★ best
2026-07-03 16:42:08,208 train Epoch 051/150 | supcon 3.2474 | LR 2.34e-04
2026-07-03 16:42:24,104 train Epoch 052/150 | supcon 3.2334 | LR 2.32e-04
2026-07-03 16:42:39,767 train Epoch 053/150 | supcon 3.2390 | LR 2.29e-04
2026-07-03 16:42:56,241 train Epoch 054/150 | supcon 3.2132 | LR 2.26e-04
2026-07-03 16:43:12,379 train Epoch 055/150 | supcon 3.2080 | LR 2.23e-04
2026-07-03 16:43:28,226 train Epoch 056/150 | supcon 3.2013 | LR 2.20e-04
2026-07-03 16:43:44,900 train Epoch 057/150 | supcon 3.1973 | LR 2.17e-04
2026-07-03 16:44:00,855 train Epoch 058/150 | supcon 3.1864 | LR 2.15e-04
2026-07-03 16:44:16,842 train Epoch 059/150 | supcon 3.1851 | LR 2.12e-04
2026-07-03 16:44:33,005 verification [skip] no CSV for 131-03
2026-07-03 16:44:33,006 verification Cached 58/59 subjects in cache_verification
2026-07-03 16:44:34,947 train Epoch 060/150 | supcon 3.1737 | LR 2.09e-04 | val EER 5.20% rank1 69.0%
2026-07-03 16:44:51,433 train Epoch 061/150 | supcon 3.1687 | LR 2.06e-04
2026-07-03 16:45:07,931 train Epoch 062/150 | supcon 3.1454 | LR 2.03e-04
2026-07-03 16:45:23,997 train Epoch 063/150 | supcon 3.1492 | LR 2.00e-04
2026-07-03 16:45:40,448 train Epoch 064/150 | supcon 3.1391 | LR 1.96e-04
2026-07-03 16:45:56,986 train Epoch 065/150 | supcon 3.1390 | LR 1.93e-04
2026-07-03 16:46:13,197 train Epoch 066/150 | supcon 3.1284 | LR 1.90e-04
2026-07-03 16:46:29,716 train Epoch 067/150 | supcon 3.1068 | LR 1.87e-04
2026-07-03 16:46:46,167 train Epoch 068/150 | supcon 3.1070 | LR 1.84e-04
2026-07-03 16:47:02,544 train Epoch 069/150 | supcon 3.1229 | LR 1.81e-04
2026-07-03 16:47:19,016 verification [skip] no CSV for 131-03
2026-07-03 16:47:19,017 verification Cached 58/59 subjects in cache_verification
2026-07-03 16:47:20,979 train Epoch 070/150 | supcon 3.1004 | LR 1.78e-04 | val EER 4.99% rank1 70.7%
2026-07-03 16:47:37,111 train Epoch 071/150 | supcon 3.0960 | LR 1.74e-04
2026-07-03 16:47:53,667 train Epoch 072/150 | supcon 3.0912 | LR 1.71e-04
2026-07-03 16:48:10,100 train Epoch 073/150 | supcon 3.0772 | LR 1.68e-04
2026-07-03 16:48:26,581 train Epoch 074/150 | supcon 3.0858 | LR 1.65e-04
2026-07-03 16:48:43,034 train Epoch 075/150 | supcon 3.0760 | LR 1.62e-04
2026-07-03 16:48:59,446 train Epoch 076/150 | supcon 3.0535 | LR 1.58e-04
2026-07-03 16:49:15,825 train Epoch 077/150 | supcon 3.0551 | LR 1.55e-04
2026-07-03 16:49:31,662 train Epoch 078/150 | supcon 3.0526 | LR 1.52e-04
2026-07-03 16:49:47,574 train Epoch 079/150 | supcon 3.0287 | LR 1.49e-04
2026-07-03 16:50:03,613 verification [skip] no CSV for 131-03
2026-07-03 16:50:03,614 verification Cached 58/59 subjects in cache_verification
2026-07-03 16:50:05,587 train Epoch 080/150 | supcon 3.0339 | LR 1.45e-04 | val EER 3.45% rank1 74.1%  ★ best
2026-07-03 16:50:22,315 train Epoch 081/150 | supcon 3.0365 | LR 1.42e-04
2026-07-03 16:50:38,177 train Epoch 082/150 | supcon 3.0238 | LR 1.39e-04
2026-07-03 16:50:54,520 train Epoch 083/150 | supcon 3.0034 | LR 1.36e-04
2026-07-03 16:51:10,937 train Epoch 084/150 | supcon 3.0056 | LR 1.32e-04
2026-07-03 16:51:27,292 train Epoch 085/150 | supcon 3.0069 | LR 1.29e-04
2026-07-03 16:51:43,599 train Epoch 086/150 | supcon 2.9964 | LR 1.26e-04
2026-07-03 16:51:59,587 train Epoch 087/150 | supcon 2.9802 | LR 1.23e-04
2026-07-03 16:52:15,859 train Epoch 088/150 | supcon 2.9853 | LR 1.20e-04
2026-07-03 16:52:31,612 train Epoch 089/150 | supcon 2.9608 | LR 1.16e-04
2026-07-03 16:52:47,324 verification [skip] no CSV for 131-03
2026-07-03 16:52:47,325 verification Cached 58/59 subjects in cache_verification
2026-07-03 16:52:49,275 train Epoch 090/150 | supcon 2.9698 | LR 1.13e-04 | val EER 3.58% rank1 74.1%
2026-07-03 16:53:05,530 train Epoch 091/150 | supcon 2.9638 | LR 1.10e-04
2026-07-03 16:53:21,829 train Epoch 092/150 | supcon 2.9534 | LR 1.07e-04
2026-07-03 16:53:38,304 train Epoch 093/150 | supcon 2.9534 | LR 1.04e-04
2026-07-03 16:53:54,797 train Epoch 094/150 | supcon 2.9360 | LR 1.01e-04
2026-07-03 16:54:10,637 train Epoch 095/150 | supcon 2.9366 | LR 9.77e-05
2026-07-03 16:54:26,538 train Epoch 096/150 | supcon 2.9292 | LR 9.47e-05
2026-07-03 16:54:43,008 train Epoch 097/150 | supcon 2.9342 | LR 9.17e-05
2026-07-03 16:54:59,618 train Epoch 098/150 | supcon 2.9189 | LR 8.87e-05
2026-07-03 16:55:15,606 train Epoch 099/150 | supcon 2.9193 | LR 8.58e-05
2026-07-03 16:55:31,431 verification [skip] no CSV for 131-03
2026-07-03 16:55:31,431 verification Cached 58/59 subjects in cache_verification
2026-07-03 16:55:33,402 train Epoch 100/150 | supcon 2.9120 | LR 8.28e-05 | val EER 3.45% rank1 86.2%
2026-07-03 16:55:49,444 train Epoch 101/150 | supcon 2.9105 | LR 8.00e-05
2026-07-03 16:56:05,535 train Epoch 102/150 | supcon 2.9085 | LR 7.71e-05
2026-07-03 16:56:21,636 train Epoch 103/150 | supcon 2.8890 | LR 7.43e-05
2026-07-03 16:56:37,998 train Epoch 104/150 | supcon 2.8844 | LR 7.15e-05
2026-07-03 16:56:54,550 train Epoch 105/150 | supcon 2.8949 | LR 6.88e-05
2026-07-03 16:57:10,487 train Epoch 106/150 | supcon 2.8865 | LR 6.61e-05
2026-07-03 16:57:26,968 train Epoch 107/150 | supcon 2.8734 | LR 6.34e-05
2026-07-03 16:57:43,517 train Epoch 108/150 | supcon 2.8763 | LR 6.08e-05
2026-07-03 16:58:00,122 train Epoch 109/150 | supcon 2.8640 | LR 5.82e-05
2026-07-03 16:58:15,913 verification [skip] no CSV for 131-03
2026-07-03 16:58:15,914 verification Cached 58/59 subjects in cache_verification
2026-07-03 16:58:17,856 train Epoch 110/150 | supcon 2.8549 | LR 5.56e-05 | val EER 4.92% rank1 79.3%
2026-07-03 16:58:33,809 train Epoch 111/150 | supcon 2.8552 | LR 5.31e-05
2026-07-03 16:58:50,404 train Epoch 112/150 | supcon 2.8515 | LR 5.07e-05
2026-07-03 16:59:06,736 train Epoch 113/150 | supcon 2.8510 | LR 4.83e-05
2026-07-03 16:59:22,870 train Epoch 114/150 | supcon 2.8323 | LR 4.59e-05
2026-07-03 16:59:38,770 train Epoch 115/150 | supcon 2.8377 | LR 4.36e-05
2026-07-03 16:59:54,762 train Epoch 116/150 | supcon 2.8358 | LR 4.14e-05
2026-07-03 17:00:10,603 train Epoch 117/150 | supcon 2.8287 | LR 3.92e-05
2026-07-03 17:00:26,924 train Epoch 118/150 | supcon 2.8217 | LR 3.70e-05
2026-07-03 17:00:42,730 train Epoch 119/150 | supcon 2.8134 | LR 3.49e-05
2026-07-03 17:00:58,857 verification [skip] no CSV for 131-03
2026-07-03 17:00:58,858 verification Cached 58/59 subjects in cache_verification
2026-07-03 17:01:00,823 train Epoch 120/150 | supcon 2.8139 | LR 3.28e-05 | val EER 3.45% rank1 81.0%
2026-07-03 17:01:17,067 train Epoch 121/150 | supcon 2.8077 | LR 3.09e-05
2026-07-03 17:01:33,125 train Epoch 122/150 | supcon 2.8032 | LR 2.89e-05
2026-07-03 17:01:49,122 train Epoch 123/150 | supcon 2.8108 | LR 2.70e-05
2026-07-03 17:02:05,193 train Epoch 124/150 | supcon 2.7982 | LR 2.52e-05
2026-07-03 17:02:21,207 train Epoch 125/150 | supcon 2.7950 | LR 2.35e-05
2026-07-03 17:02:37,028 train Epoch 126/150 | supcon 2.7911 | LR 2.17e-05
2026-07-03 17:02:53,411 train Epoch 127/150 | supcon 2.7848 | LR 2.01e-05
2026-07-03 17:03:09,737 train Epoch 128/150 | supcon 2.7849 | LR 1.85e-05
2026-07-03 17:03:26,040 train Epoch 129/150 | supcon 2.7899 | LR 1.70e-05
2026-07-03 17:03:42,505 verification [skip] no CSV for 131-03
2026-07-03 17:03:42,506 verification Cached 58/59 subjects in cache_verification
2026-07-03 17:03:44,476 train Epoch 130/150 | supcon 2.7847 | LR 1.55e-05 | val EER 3.45% rank1 81.0%
2026-07-03 17:04:00,973 train Epoch 131/150 | supcon 2.7768 | LR 1.41e-05
2026-07-03 17:04:17,298 train Epoch 132/150 | supcon 2.7749 | LR 1.28e-05
2026-07-03 17:04:33,380 train Epoch 133/150 | supcon 2.7735 | LR 1.16e-05
2026-07-03 17:04:49,785 train Epoch 134/150 | supcon 2.7744 | LR 1.04e-05
2026-07-03 17:05:06,166 train Epoch 135/150 | supcon 2.7658 | LR 9.21e-06
2026-07-03 17:05:22,091 train Epoch 136/150 | supcon 2.7679 | LR 8.14e-06
2026-07-03 17:05:38,062 train Epoch 137/150 | supcon 2.7648 | LR 7.14e-06
2026-07-03 17:05:54,547 train Epoch 138/150 | supcon 2.7677 | LR 6.20e-06
2026-07-03 17:06:11,170 train Epoch 139/150 | supcon 2.7520 | LR 5.34e-06
2026-07-03 17:06:27,428 verification [skip] no CSV for 131-03
2026-07-03 17:06:27,428 verification Cached 58/59 subjects in cache_verification
2026-07-03 17:06:29,399 train Epoch 140/150 | supcon 2.7551 | LR 4.54e-06 | val EER 4.82% rank1 79.3%
2026-07-03 17:06:45,981 train Epoch 141/150 | supcon 2.7514 | LR 3.80e-06
2026-07-03 17:07:02,041 train Epoch 142/150 | supcon 2.7605 | LR 3.14e-06
2026-07-03 17:07:18,485 train Epoch 143/150 | supcon 2.7607 | LR 2.55e-06
2026-07-03 17:07:35,031 train Epoch 144/150 | supcon 2.7569 | LR 2.02e-06
2026-07-03 17:07:51,416 train Epoch 145/150 | supcon 2.7529 | LR 1.56e-06
2026-07-03 17:08:07,994 train Epoch 146/150 | supcon 2.7504 | LR 1.18e-06
2026-07-03 17:08:23,891 train Epoch 147/150 | supcon 2.7532 | LR 8.62e-07
2026-07-03 17:08:39,784 train Epoch 148/150 | supcon 2.7557 | LR 6.16e-07
2026-07-03 17:08:55,849 train Epoch 149/150 | supcon 2.7539 | LR 4.41e-07
2026-07-03 17:09:11,971 verification [skip] no CSV for 131-03
2026-07-03 17:09:11,971 verification Cached 58/59 subjects in cache_verification
2026-07-03 17:09:13,936 train Epoch 150/150 | supcon 2.7431 | LR 3.35e-07 | val EER 4.85% rank1 82.8%
2026-07-03 17:09:14,122 train Done. Best val eer: 0.0345 → checkpoints_verification/s1.pt
2026-07-03 17:09:14,122 train Per-epoch history → checkpoints_verification/s1_history.csv  (plot: python plot_metrics.py curves --history checkpoints_verification/s1_history.csv)
==================================================
2026年  7月  3日 金曜日 17:09:15 JST: TRAIN s1a
2026-07-03 17:09:17,061 train Device cuda | model s1a | seed 42
2026-07-03 17:09:17,066 verification Split: train=816 val=59 test=224 | CSVs on disk=1095 | seed=42
2026-07-03 17:09:17,066 verification window=300 stride=150 enroll_ratio=0.70 gap=1200 samples nan_ratio=0.20
2026-07-03 17:09:17,070 verification [skip] no CSV for 133-06
2026-07-03 17:09:17,071 verification [skip] no CSV for 134-14
2026-07-03 17:09:17,071 verification [skip] no CSV for 137-11
2026-07-03 17:09:17,077 verification Cached 813/816 subjects in cache_verification
2026-07-03 17:09:21,246 verification Channel stats from 813 subjects, 95165321 frames.
2026-07-03 17:09:21,473 train Dataset: 813 identities, 631782 windows.
2026-07-03 17:09:21,844 train Loss: supcon
2026-07-03 17:09:21,844 train Trainable parameters: 21570968
2026-07-03 17:09:22,751 train Training 150 epochs (500 batches/epoch, batch=256)...
2026-07-03 17:09:40,078 train Epoch 001/150 | supcon 5.3519 | LR 3.00e-05
2026-07-03 17:09:55,823 train Epoch 002/150 | supcon 4.7506 | LR 8.40e-05
2026-07-03 17:10:12,322 train Epoch 003/150 | supcon 4.4867 | LR 1.38e-04
2026-07-03 17:10:28,432 train Epoch 004/150 | supcon 4.3458 | LR 1.92e-04
2026-07-03 17:10:44,342 train Epoch 005/150 | supcon 4.3212 | LR 2.46e-04
2026-07-03 17:11:00,712 train Epoch 006/150 | supcon 4.2265 | LR 3.00e-04
2026-07-03 17:11:17,197 train Epoch 007/150 | supcon 4.1076 | LR 3.00e-04
2026-07-03 17:11:33,243 train Epoch 008/150 | supcon 4.0525 | LR 3.00e-04
2026-07-03 17:11:49,214 train Epoch 009/150 | supcon 3.9681 | LR 3.00e-04
2026-07-03 17:12:05,344 verification [skip] no CSV for 131-03
2026-07-03 17:12:05,345 verification Cached 58/59 subjects in cache_verification
2026-07-03 17:12:07,408 train Epoch 010/150 | supcon 3.9102 | LR 2.99e-04 | val EER 6.68% rank1 43.1%  ★ best
2026-07-03 17:12:23,185 train Epoch 011/150 | supcon 3.8686 | LR 2.99e-04
2026-07-03 17:12:39,380 train Epoch 012/150 | supcon 3.8399 | LR 2.99e-04
2026-07-03 17:12:55,181 train Epoch 013/150 | supcon 3.8146 | LR 2.98e-04
2026-07-03 17:13:11,730 train Epoch 014/150 | supcon 3.7753 | LR 2.98e-04
2026-07-03 17:13:28,328 train Epoch 015/150 | supcon 3.7362 | LR 2.97e-04
2026-07-03 17:13:44,130 train Epoch 016/150 | supcon 3.6873 | LR 2.96e-04
2026-07-03 17:14:01,510 train Epoch 017/150 | supcon 3.6639 | LR 2.96e-04
2026-07-03 17:14:18,891 train Epoch 018/150 | supcon 3.6663 | LR 2.95e-04
2026-07-03 17:14:36,275 train Epoch 019/150 | supcon 3.6384 | LR 2.94e-04
2026-07-03 17:14:53,608 verification [skip] no CSV for 131-03
2026-07-03 17:14:53,609 verification Cached 58/59 subjects in cache_verification
2026-07-03 17:14:55,664 train Epoch 020/150 | supcon 3.6293 | LR 2.93e-04 | val EER 6.90% rank1 48.3%
2026-07-03 17:15:13,009 train Epoch 021/150 | supcon 3.6100 | LR 2.92e-04
2026-07-03 17:15:30,550 train Epoch 022/150 | supcon 3.5814 | LR 2.91e-04
2026-07-03 17:15:47,812 train Epoch 023/150 | supcon 3.5706 | LR 2.90e-04
2026-07-03 17:16:04,135 train Epoch 024/150 | supcon 3.5362 | LR 2.89e-04
2026-07-03 17:16:20,444 train Epoch 025/150 | supcon 3.5313 | LR 2.87e-04
2026-07-03 17:16:36,789 train Epoch 026/150 | supcon 3.5095 | LR 2.86e-04
2026-07-03 17:16:52,983 train Epoch 027/150 | supcon 3.5011 | LR 2.85e-04
2026-07-03 17:17:10,217 train Epoch 028/150 | supcon 3.4751 | LR 2.83e-04
2026-07-03 17:17:27,977 train Epoch 029/150 | supcon 3.4702 | LR 2.82e-04
2026-07-03 17:17:44,939 verification [skip] no CSV for 131-03
2026-07-03 17:17:44,940 verification Cached 58/59 subjects in cache_verification
2026-07-03 17:17:46,925 train Epoch 030/150 | supcon 3.4672 | LR 2.80e-04 | val EER 6.61% rank1 44.8%  ★ best
2026-07-03 17:18:03,628 train Epoch 031/150 | supcon 3.4498 | LR 2.79e-04
2026-07-03 17:18:20,299 train Epoch 032/150 | supcon 3.4438 | LR 2.77e-04
2026-07-03 17:18:36,789 train Epoch 033/150 | supcon 3.4027 | LR 2.75e-04
2026-07-03 17:18:52,386 train Epoch 034/150 | supcon 3.3966 | LR 2.73e-04
2026-07-03 17:19:08,038 train Epoch 035/150 | supcon 3.4108 | LR 2.71e-04
2026-07-03 17:19:24,116 train Epoch 036/150 | supcon 3.3883 | LR 2.69e-04
2026-07-03 17:19:39,875 train Epoch 037/150 | supcon 3.3761 | LR 2.67e-04
2026-07-03 17:19:56,356 train Epoch 038/150 | supcon 3.3621 | LR 2.65e-04
2026-07-03 17:20:12,260 train Epoch 039/150 | supcon 3.3528 | LR 2.63e-04
2026-07-03 17:20:28,677 verification [skip] no CSV for 131-03
2026-07-03 17:20:28,678 verification Cached 58/59 subjects in cache_verification
2026-07-03 17:20:30,638 train Epoch 040/150 | supcon 3.3560 | LR 2.61e-04 | val EER 5.17% rank1 55.2%  ★ best
2026-07-03 17:20:47,364 train Epoch 041/150 | supcon 3.3373 | LR 2.59e-04
2026-07-03 17:21:03,668 train Epoch 042/150 | supcon 3.3349 | LR 2.57e-04
2026-07-03 17:21:19,623 train Epoch 043/150 | supcon 3.3019 | LR 2.54e-04
2026-07-03 17:21:35,577 train Epoch 044/150 | supcon 3.3042 | LR 2.52e-04
2026-07-03 17:21:51,518 train Epoch 045/150 | supcon 3.2945 | LR 2.50e-04
2026-07-03 17:22:08,056 train Epoch 046/150 | supcon 3.2780 | LR 2.47e-04
2026-07-03 17:22:24,761 train Epoch 047/150 | supcon 3.2825 | LR 2.45e-04
2026-07-03 17:22:40,525 train Epoch 048/150 | supcon 3.2734 | LR 2.42e-04
2026-07-03 17:22:57,083 train Epoch 049/150 | supcon 3.2702 | LR 2.40e-04
2026-07-03 17:23:12,717 verification [skip] no CSV for 131-03
2026-07-03 17:23:12,718 verification Cached 58/59 subjects in cache_verification
2026-07-03 17:23:14,675 train Epoch 050/150 | supcon 3.2541 | LR 2.37e-04 | val EER 3.60% rank1 74.1%  ★ best
2026-07-03 17:23:31,150 train Epoch 051/150 | supcon 3.2474 | LR 2.34e-04
2026-07-03 17:23:47,671 train Epoch 052/150 | supcon 3.2334 | LR 2.32e-04
2026-07-03 17:24:03,853 train Epoch 053/150 | supcon 3.2390 | LR 2.29e-04
2026-07-03 17:24:19,553 train Epoch 054/150 | supcon 3.2132 | LR 2.26e-04
2026-07-03 17:24:35,191 train Epoch 055/150 | supcon 3.2080 | LR 2.23e-04
2026-07-03 17:24:51,416 train Epoch 056/150 | supcon 3.2013 | LR 2.20e-04
2026-07-03 17:25:07,585 train Epoch 057/150 | supcon 3.1973 | LR 2.17e-04
2026-07-03 17:25:23,418 train Epoch 058/150 | supcon 3.1864 | LR 2.15e-04
2026-07-03 17:25:39,615 train Epoch 059/150 | supcon 3.1851 | LR 2.12e-04
2026-07-03 17:25:55,875 verification [skip] no CSV for 131-03
2026-07-03 17:25:55,876 verification Cached 58/59 subjects in cache_verification
2026-07-03 17:25:57,835 train Epoch 060/150 | supcon 3.1737 | LR 2.09e-04 | val EER 5.20% rank1 69.0%
2026-07-03 17:26:14,178 train Epoch 061/150 | supcon 3.1687 | LR 2.06e-04
2026-07-03 17:26:29,740 train Epoch 062/150 | supcon 3.1454 | LR 2.03e-04
2026-07-03 17:26:46,038 train Epoch 063/150 | supcon 3.1492 | LR 2.00e-04
2026-07-03 17:27:01,972 train Epoch 064/150 | supcon 3.1391 | LR 1.96e-04
2026-07-03 17:27:18,127 train Epoch 065/150 | supcon 3.1390 | LR 1.93e-04
2026-07-03 17:27:34,104 train Epoch 066/150 | supcon 3.1284 | LR 1.90e-04
2026-07-03 17:27:50,619 train Epoch 067/150 | supcon 3.1068 | LR 1.87e-04
2026-07-03 17:28:06,679 train Epoch 068/150 | supcon 3.1070 | LR 1.84e-04
2026-07-03 17:28:22,376 train Epoch 069/150 | supcon 3.1229 | LR 1.81e-04
2026-07-03 17:28:38,044 verification [skip] no CSV for 131-03
2026-07-03 17:28:38,045 verification Cached 58/59 subjects in cache_verification
2026-07-03 17:28:40,001 train Epoch 070/150 | supcon 3.1004 | LR 1.78e-04 | val EER 4.99% rank1 70.7%
2026-07-03 17:28:56,187 train Epoch 071/150 | supcon 3.0960 | LR 1.74e-04
2026-07-03 17:29:12,072 train Epoch 072/150 | supcon 3.0912 | LR 1.71e-04
2026-07-03 17:29:27,911 train Epoch 073/150 | supcon 3.0772 | LR 1.68e-04
2026-07-03 17:29:43,750 train Epoch 074/150 | supcon 3.0858 | LR 1.65e-04
2026-07-03 17:29:59,508 train Epoch 075/150 | supcon 3.0760 | LR 1.62e-04
2026-07-03 17:30:15,412 train Epoch 076/150 | supcon 3.0535 | LR 1.58e-04
2026-07-03 17:30:31,268 train Epoch 077/150 | supcon 3.0551 | LR 1.55e-04
2026-07-03 17:30:46,951 train Epoch 078/150 | supcon 3.0526 | LR 1.52e-04
2026-07-03 17:31:02,688 train Epoch 079/150 | supcon 3.0287 | LR 1.49e-04
2026-07-03 17:31:18,372 verification [skip] no CSV for 131-03
2026-07-03 17:31:18,373 verification Cached 58/59 subjects in cache_verification
2026-07-03 17:31:20,324 train Epoch 080/150 | supcon 3.0339 | LR 1.45e-04 | val EER 3.45% rank1 74.1%  ★ best
2026-07-03 17:31:36,430 train Epoch 081/150 | supcon 3.0365 | LR 1.42e-04
2026-07-03 17:31:52,271 train Epoch 082/150 | supcon 3.0238 | LR 1.39e-04
2026-07-03 17:32:08,724 train Epoch 083/150 | supcon 3.0034 | LR 1.36e-04
2026-07-03 17:32:24,581 train Epoch 084/150 | supcon 3.0056 | LR 1.32e-04
2026-07-03 17:32:40,328 train Epoch 085/150 | supcon 3.0069 | LR 1.29e-04
2026-07-03 17:32:56,469 train Epoch 086/150 | supcon 2.9964 | LR 1.26e-04
2026-07-03 17:33:12,887 train Epoch 087/150 | supcon 2.9802 | LR 1.23e-04
2026-07-03 17:33:28,651 train Epoch 088/150 | supcon 2.9853 | LR 1.20e-04
2026-07-03 17:33:44,243 train Epoch 089/150 | supcon 2.9608 | LR 1.16e-04
2026-07-03 17:34:00,085 verification [skip] no CSV for 131-03
2026-07-03 17:34:00,086 verification Cached 58/59 subjects in cache_verification
2026-07-03 17:34:02,039 train Epoch 090/150 | supcon 2.9698 | LR 1.13e-04 | val EER 3.58% rank1 74.1%
2026-07-03 17:34:18,165 train Epoch 091/150 | supcon 2.9638 | LR 1.10e-04
2026-07-03 17:34:34,433 train Epoch 092/150 | supcon 2.9534 | LR 1.07e-04
2026-07-03 17:34:50,137 train Epoch 093/150 | supcon 2.9534 | LR 1.04e-04
2026-07-03 17:35:06,424 train Epoch 094/150 | supcon 2.9360 | LR 1.01e-04
2026-07-03 17:35:22,847 train Epoch 095/150 | supcon 2.9366 | LR 9.77e-05
2026-07-03 17:35:38,627 train Epoch 096/150 | supcon 2.9292 | LR 9.47e-05
2026-07-03 17:35:54,732 train Epoch 097/150 | supcon 2.9342 | LR 9.17e-05
2026-07-03 17:36:10,610 train Epoch 098/150 | supcon 2.9189 | LR 8.87e-05
2026-07-03 17:36:26,973 train Epoch 099/150 | supcon 2.9193 | LR 8.58e-05
2026-07-03 17:36:42,959 verification [skip] no CSV for 131-03
2026-07-03 17:36:42,960 verification Cached 58/59 subjects in cache_verification
2026-07-03 17:36:44,907 train Epoch 100/150 | supcon 2.9120 | LR 8.28e-05 | val EER 3.45% rank1 86.2%
2026-07-03 17:37:01,338 train Epoch 101/150 | supcon 2.9105 | LR 8.00e-05
2026-07-03 17:37:17,769 train Epoch 102/150 | supcon 2.9085 | LR 7.71e-05
2026-07-03 17:37:34,478 train Epoch 103/150 | supcon 2.8890 | LR 7.43e-05
2026-07-03 17:37:51,857 train Epoch 104/150 | supcon 2.8844 | LR 7.15e-05
2026-07-03 17:38:09,227 train Epoch 105/150 | supcon 2.8949 | LR 6.88e-05
2026-07-03 17:38:26,708 train Epoch 106/150 | supcon 2.8865 | LR 6.61e-05
2026-07-03 17:38:44,197 train Epoch 107/150 | supcon 2.8734 | LR 6.34e-05
2026-07-03 17:39:00,451 train Epoch 108/150 | supcon 2.8763 | LR 6.08e-05
2026-07-03 17:39:17,495 train Epoch 109/150 | supcon 2.8640 | LR 5.82e-05
2026-07-03 17:39:34,803 verification [skip] no CSV for 131-03
2026-07-03 17:39:34,804 verification Cached 58/59 subjects in cache_verification
2026-07-03 17:39:36,796 train Epoch 110/150 | supcon 2.8549 | LR 5.56e-05 | val EER 4.92% rank1 79.3%
2026-07-03 17:39:54,109 train Epoch 111/150 | supcon 2.8552 | LR 5.31e-05
2026-07-03 17:40:11,512 train Epoch 112/150 | supcon 2.8515 | LR 5.07e-05
2026-07-03 17:40:28,983 train Epoch 113/150 | supcon 2.8510 | LR 4.83e-05
2026-07-03 17:40:46,422 train Epoch 114/150 | supcon 2.8323 | LR 4.59e-05
2026-07-03 17:41:03,879 train Epoch 115/150 | supcon 2.8377 | LR 4.36e-05
2026-07-03 17:41:21,192 train Epoch 116/150 | supcon 2.8358 | LR 4.14e-05
2026-07-03 17:41:38,575 train Epoch 117/150 | supcon 2.8287 | LR 3.92e-05
2026-07-03 17:41:55,913 train Epoch 118/150 | supcon 2.8217 | LR 3.70e-05
2026-07-03 17:42:13,206 train Epoch 119/150 | supcon 2.8134 | LR 3.49e-05
2026-07-03 17:42:30,617 verification [skip] no CSV for 131-03
2026-07-03 17:42:30,617 verification Cached 58/59 subjects in cache_verification
2026-07-03 17:42:32,573 train Epoch 120/150 | supcon 2.8139 | LR 3.28e-05 | val EER 3.45% rank1 81.0%
2026-07-03 17:42:49,942 train Epoch 121/150 | supcon 2.8077 | LR 3.09e-05
2026-07-03 17:43:07,408 train Epoch 122/150 | supcon 2.8032 | LR 2.89e-05
2026-07-03 17:43:24,837 train Epoch 123/150 | supcon 2.8108 | LR 2.70e-05
2026-07-03 17:43:42,062 train Epoch 124/150 | supcon 2.7982 | LR 2.52e-05
2026-07-03 17:43:59,480 train Epoch 125/150 | supcon 2.7950 | LR 2.35e-05
2026-07-03 17:44:16,540 train Epoch 126/150 | supcon 2.7911 | LR 2.17e-05
2026-07-03 17:44:34,025 train Epoch 127/150 | supcon 2.7848 | LR 2.01e-05
2026-07-03 17:44:51,250 train Epoch 128/150 | supcon 2.7849 | LR 1.85e-05
2026-07-03 17:45:08,620 train Epoch 129/150 | supcon 2.7899 | LR 1.70e-05
2026-07-03 17:45:26,006 verification [skip] no CSV for 131-03
2026-07-03 17:45:26,007 verification Cached 58/59 subjects in cache_verification
2026-07-03 17:45:28,003 train Epoch 130/150 | supcon 2.7847 | LR 1.55e-05 | val EER 3.45% rank1 81.0%
2026-07-03 17:45:45,366 train Epoch 131/150 | supcon 2.7768 | LR 1.41e-05
2026-07-03 17:46:02,763 train Epoch 132/150 | supcon 2.7749 | LR 1.28e-05
2026-07-03 17:46:20,223 train Epoch 133/150 | supcon 2.7735 | LR 1.16e-05
2026-07-03 17:46:37,524 train Epoch 134/150 | supcon 2.7744 | LR 1.04e-05
2026-07-03 17:46:54,835 train Epoch 135/150 | supcon 2.7658 | LR 9.21e-06
2026-07-03 17:47:12,146 train Epoch 136/150 | supcon 2.7679 | LR 8.14e-06
2026-07-03 17:47:29,473 train Epoch 137/150 | supcon 2.7648 | LR 7.14e-06
2026-07-03 17:47:46,830 train Epoch 138/150 | supcon 2.7677 | LR 6.20e-06
2026-07-03 17:48:04,170 train Epoch 139/150 | supcon 2.7520 | LR 5.34e-06
2026-07-03 17:48:21,590 verification [skip] no CSV for 131-03
2026-07-03 17:48:21,591 verification Cached 58/59 subjects in cache_verification
2026-07-03 17:48:23,584 train Epoch 140/150 | supcon 2.7551 | LR 4.54e-06 | val EER 4.82% rank1 79.3%
2026-07-03 17:48:40,992 train Epoch 141/150 | supcon 2.7514 | LR 3.80e-06
2026-07-03 17:48:58,313 train Epoch 142/150 | supcon 2.7605 | LR 3.14e-06
2026-07-03 17:49:15,688 train Epoch 143/150 | supcon 2.7607 | LR 2.55e-06
2026-07-03 17:49:33,064 train Epoch 144/150 | supcon 2.7569 | LR 2.02e-06
2026-07-03 17:49:50,588 train Epoch 145/150 | supcon 2.7529 | LR 1.56e-06
2026-07-03 17:50:08,005 train Epoch 146/150 | supcon 2.7504 | LR 1.18e-06
2026-07-03 17:50:25,308 train Epoch 147/150 | supcon 2.7532 | LR 8.62e-07
2026-07-03 17:50:42,640 train Epoch 148/150 | supcon 2.7557 | LR 6.16e-07
2026-07-03 17:50:59,952 train Epoch 149/150 | supcon 2.7539 | LR 4.41e-07
2026-07-03 17:51:16,989 verification [skip] no CSV for 131-03
2026-07-03 17:51:16,990 verification Cached 58/59 subjects in cache_verification
2026-07-03 17:51:18,946 train Epoch 150/150 | supcon 2.7431 | LR 3.35e-07 | val EER 4.85% rank1 82.8%
2026-07-03 17:51:19,129 train Done. Best val eer: 0.0345 → checkpoints_verification/s1a.pt
2026-07-03 17:51:19,129 train Per-epoch history → checkpoints_verification/s1a_history.csv  (plot: python plot_metrics.py curves --history checkpoints_verification/s1a_history.csv)
==================================================
2026年  7月  3日 金曜日 17:51:20 JST: TRAIN s1b
2026-07-03 17:51:21,859 train Device cuda | model s1b | seed 42
2026-07-03 17:51:21,865 verification Split: train=816 val=59 test=224 | CSVs on disk=1095 | seed=42
2026-07-03 17:51:21,865 verification window=300 stride=150 enroll_ratio=0.70 gap=1200 samples nan_ratio=0.20
2026-07-03 17:51:21,869 verification [skip] no CSV for 133-06
2026-07-03 17:51:21,869 verification [skip] no CSV for 134-14
2026-07-03 17:51:21,870 verification [skip] no CSV for 137-11
2026-07-03 17:51:21,876 verification Cached 813/816 subjects in cache_verification
2026-07-03 17:51:26,018 verification Channel stats from 813 subjects, 95165321 frames.
2026-07-03 17:51:26,238 train Dataset: 813 identities, 631782 windows.
2026-07-03 17:51:26,608 train Loss: arcface
2026-07-03 17:51:27,155 verification ArcFace: pytorch_metric_learning (scale=30.0, margin=20.0 deg).
2026-07-03 17:51:27,156 train Trainable parameters: 21675032
2026-07-03 17:51:27,156 train arcface head: lr=1.0e-03, weight_decay=0, margin warm-up over 15 epoch(s).
2026-07-03 17:51:27,863 train Training 150 epochs (500 batches/epoch, batch=256)...
2026-07-03 17:51:46,031 train Epoch 001/150 | arcface 8.6843 | LR 3.00e-05
2026-07-03 17:52:01,975 train Epoch 002/150 | arcface 8.7019 | LR 8.40e-05
2026-07-03 17:52:19,055 train Epoch 003/150 | arcface 8.9601 | LR 1.38e-04
2026-07-03 17:52:36,111 train Epoch 004/150 | arcface 9.4298 | LR 1.92e-04
2026-07-03 17:52:52,603 train Epoch 005/150 | arcface 9.9073 | LR 2.46e-04
2026-07-03 17:53:09,168 train Epoch 006/150 | arcface 10.2550 | LR 3.00e-04
2026-07-03 17:53:26,230 train Epoch 007/150 | arcface 10.5007 | LR 3.00e-04
2026-07-03 17:53:43,234 train Epoch 008/150 | arcface 10.7923 | LR 3.00e-04
2026-07-03 17:54:00,235 train Epoch 009/150 | arcface 11.1485 | LR 3.00e-04
2026-07-03 17:54:16,601 verification [skip] no CSV for 131-03
2026-07-03 17:54:16,602 verification Cached 58/59 subjects in cache_verification
2026-07-03 17:54:18,672 train Epoch 010/150 | arcface 11.5814 | LR 2.99e-04 | val EER 12.07% rank1 37.9%  ★ best
2026-07-03 17:54:37,006 train Epoch 011/150 | arcface 12.0164 | LR 2.99e-04
2026-07-03 17:54:55,281 train Epoch 012/150 | arcface 12.4831 | LR 2.99e-04
2026-07-03 17:55:13,611 train Epoch 013/150 | arcface 13.0053 | LR 2.98e-04
2026-07-03 17:55:31,918 train Epoch 014/150 | arcface 13.5090 | LR 2.98e-04
2026-07-03 17:55:50,242 train Epoch 015/150 | arcface 14.0035 | LR 2.97e-04
2026-07-03 17:56:08,492 train Epoch 016/150 | arcface 13.8329 | LR 2.96e-04
2026-07-03 17:56:26,786 train Epoch 017/150 | arcface 13.6572 | LR 2.96e-04
2026-07-03 17:56:44,958 train Epoch 018/150 | arcface 13.5263 | LR 2.95e-04
2026-07-03 17:57:03,187 train Epoch 019/150 | arcface 13.3423 | LR 2.94e-04
2026-07-03 17:57:21,387 verification [skip] no CSV for 131-03
2026-07-03 17:57:21,389 verification Cached 58/59 subjects in cache_verification
2026-07-03 17:57:23,396 train Epoch 020/150 | arcface 13.2209 | LR 2.93e-04 | val EER 8.62% rank1 43.1%  ★ best
2026-07-03 17:57:41,832 train Epoch 021/150 | arcface 13.0661 | LR 2.92e-04
2026-07-03 17:58:00,058 train Epoch 022/150 | arcface 12.9383 | LR 2.91e-04
2026-07-03 17:58:18,169 train Epoch 023/150 | arcface 12.7542 | LR 2.90e-04
2026-07-03 17:58:36,399 train Epoch 024/150 | arcface 12.6440 | LR 2.89e-04
2026-07-03 17:58:54,683 train Epoch 025/150 | arcface 12.4899 | LR 2.87e-04
2026-07-03 17:59:12,942 train Epoch 026/150 | arcface 12.3938 | LR 2.86e-04
2026-07-03 17:59:31,154 train Epoch 027/150 | arcface 12.2730 | LR 2.85e-04
2026-07-03 17:59:49,422 train Epoch 028/150 | arcface 12.1306 | LR 2.83e-04
2026-07-03 18:00:07,708 train Epoch 029/150 | arcface 12.0211 | LR 2.82e-04
2026-07-03 18:00:25,904 verification [skip] no CSV for 131-03
2026-07-03 18:00:25,905 verification Cached 58/59 subjects in cache_verification
2026-07-03 18:00:27,864 train Epoch 030/150 | arcface 11.8750 | LR 2.80e-04 | val EER 8.30% rank1 60.3%  ★ best
2026-07-03 18:00:46,171 train Epoch 031/150 | arcface 11.7714 | LR 2.79e-04
2026-07-03 18:01:04,412 train Epoch 032/150 | arcface 11.6765 | LR 2.77e-04
2026-07-03 18:01:22,652 train Epoch 033/150 | arcface 11.4852 | LR 2.75e-04
2026-07-03 18:01:40,964 train Epoch 034/150 | arcface 11.3919 | LR 2.73e-04
2026-07-03 18:01:59,179 train Epoch 035/150 | arcface 11.2841 | LR 2.71e-04
2026-07-03 18:02:17,477 train Epoch 036/150 | arcface 11.1313 | LR 2.69e-04
2026-07-03 18:02:35,693 train Epoch 037/150 | arcface 11.0426 | LR 2.67e-04
2026-07-03 18:02:53,823 train Epoch 038/150 | arcface 10.9336 | LR 2.65e-04
2026-07-03 18:03:12,107 train Epoch 039/150 | arcface 10.7873 | LR 2.63e-04
2026-07-03 18:03:30,384 verification [skip] no CSV for 131-03
2026-07-03 18:03:30,385 verification Cached 58/59 subjects in cache_verification
2026-07-03 18:03:32,390 train Epoch 040/150 | arcface 10.6904 | LR 2.61e-04 | val EER 6.90% rank1 69.0%  ★ best
2026-07-03 18:03:50,899 train Epoch 041/150 | arcface 10.6362 | LR 2.59e-04
2026-07-03 18:04:09,085 train Epoch 042/150 | arcface 10.5040 | LR 2.57e-04
2026-07-03 18:04:27,353 train Epoch 043/150 | arcface 10.3971 | LR 2.54e-04
2026-07-03 18:04:44,986 train Epoch 044/150 | arcface 10.2876 | LR 2.52e-04
2026-07-03 18:05:03,214 train Epoch 045/150 | arcface 10.1911 | LR 2.50e-04
2026-07-03 18:05:21,241 train Epoch 046/150 | arcface 10.0653 | LR 2.47e-04
2026-07-03 18:05:39,596 train Epoch 047/150 | arcface 9.9725 | LR 2.45e-04
2026-07-03 18:05:57,878 train Epoch 048/150 | arcface 9.8532 | LR 2.42e-04
2026-07-03 18:06:16,116 train Epoch 049/150 | arcface 9.7483 | LR 2.40e-04
2026-07-03 18:06:34,538 verification [skip] no CSV for 131-03
2026-07-03 18:06:34,538 verification Cached 58/59 subjects in cache_verification
2026-07-03 18:06:36,557 train Epoch 050/150 | arcface 9.6594 | LR 2.37e-04 | val EER 6.78% rank1 63.8%  ★ best
2026-07-03 18:06:55,050 train Epoch 051/150 | arcface 9.5237 | LR 2.34e-04
2026-07-03 18:07:13,258 train Epoch 052/150 | arcface 9.4069 | LR 2.32e-04
2026-07-03 18:07:31,487 train Epoch 053/150 | arcface 9.3222 | LR 2.29e-04
2026-07-03 18:07:49,755 train Epoch 054/150 | arcface 9.1965 | LR 2.26e-04
2026-07-03 18:08:08,001 train Epoch 055/150 | arcface 9.0960 | LR 2.23e-04
2026-07-03 18:08:26,283 train Epoch 056/150 | arcface 8.9423 | LR 2.20e-04
2026-07-03 18:08:44,334 train Epoch 057/150 | arcface 8.8801 | LR 2.17e-04
2026-07-03 18:09:02,554 train Epoch 058/150 | arcface 8.7703 | LR 2.15e-04
2026-07-03 18:09:20,845 train Epoch 059/150 | arcface 8.7170 | LR 2.12e-04
2026-07-03 18:09:39,109 verification [skip] no CSV for 131-03
2026-07-03 18:09:39,110 verification Cached 58/59 subjects in cache_verification
2026-07-03 18:09:41,113 train Epoch 060/150 | arcface 8.6178 | LR 2.09e-04 | val EER 5.28% rank1 62.1%  ★ best
2026-07-03 18:09:59,267 train Epoch 061/150 | arcface 8.4535 | LR 2.06e-04
2026-07-03 18:10:17,484 train Epoch 062/150 | arcface 8.3788 | LR 2.03e-04
2026-07-03 18:10:35,708 train Epoch 063/150 | arcface 8.3229 | LR 2.00e-04
2026-07-03 18:10:53,912 train Epoch 064/150 | arcface 8.2324 | LR 1.96e-04
2026-07-03 18:11:12,179 train Epoch 065/150 | arcface 8.1547 | LR 1.93e-04
2026-07-03 18:11:30,490 train Epoch 066/150 | arcface 8.0927 | LR 1.90e-04
2026-07-03 18:11:48,707 train Epoch 067/150 | arcface 7.9483 | LR 1.87e-04
2026-07-03 18:12:06,922 train Epoch 068/150 | arcface 7.8929 | LR 1.84e-04
2026-07-03 18:12:25,144 train Epoch 069/150 | arcface 7.7760 | LR 1.81e-04
2026-07-03 18:12:43,440 verification [skip] no CSV for 131-03
2026-07-03 18:12:43,441 verification Cached 58/59 subjects in cache_verification
2026-07-03 18:12:45,439 train Epoch 070/150 | arcface 7.6610 | LR 1.78e-04 | val EER 6.90% rank1 58.6%
2026-07-03 18:13:03,672 train Epoch 071/150 | arcface 7.6035 | LR 1.74e-04
2026-07-03 18:13:21,876 train Epoch 072/150 | arcface 7.5118 | LR 1.71e-04
2026-07-03 18:13:40,066 train Epoch 073/150 | arcface 7.3941 | LR 1.68e-04
2026-07-03 18:13:58,254 train Epoch 074/150 | arcface 7.4073 | LR 1.65e-04
2026-07-03 18:14:16,443 train Epoch 075/150 | arcface 7.2866 | LR 1.62e-04
2026-07-03 18:14:34,650 train Epoch 076/150 | arcface 7.2044 | LR 1.58e-04
2026-07-03 18:14:52,801 train Epoch 077/150 | arcface 7.1436 | LR 1.55e-04
2026-07-03 18:15:10,980 train Epoch 078/150 | arcface 7.0752 | LR 1.52e-04
2026-07-03 18:15:29,291 train Epoch 079/150 | arcface 7.0180 | LR 1.49e-04
2026-07-03 18:15:47,551 verification [skip] no CSV for 131-03
2026-07-03 18:15:47,551 verification Cached 58/59 subjects in cache_verification
2026-07-03 18:15:49,573 train Epoch 080/150 | arcface 6.8704 | LR 1.45e-04 | val EER 6.70% rank1 65.5%
2026-07-03 18:16:07,838 train Epoch 081/150 | arcface 6.8056 | LR 1.42e-04
2026-07-03 18:16:26,141 train Epoch 082/150 | arcface 6.7415 | LR 1.39e-04
2026-07-03 18:16:44,449 train Epoch 083/150 | arcface 6.6868 | LR 1.36e-04
2026-07-03 18:17:02,619 train Epoch 084/150 | arcface 6.6161 | LR 1.32e-04
2026-07-03 18:17:20,887 train Epoch 085/150 | arcface 6.5543 | LR 1.29e-04
2026-07-03 18:17:39,155 train Epoch 086/150 | arcface 6.4400 | LR 1.26e-04
2026-07-03 18:17:57,398 train Epoch 087/150 | arcface 6.4094 | LR 1.23e-04
2026-07-03 18:18:15,682 train Epoch 088/150 | arcface 6.3459 | LR 1.20e-04
2026-07-03 18:18:33,774 train Epoch 089/150 | arcface 6.2606 | LR 1.16e-04
2026-07-03 18:18:51,998 verification [skip] no CSV for 131-03
2026-07-03 18:18:51,999 verification Cached 58/59 subjects in cache_verification
2026-07-03 18:18:54,016 train Epoch 090/150 | arcface 6.1736 | LR 1.13e-04 | val EER 5.17% rank1 69.0%  ★ best
2026-07-03 18:19:12,500 train Epoch 091/150 | arcface 6.1198 | LR 1.10e-04
2026-07-03 18:19:30,411 train Epoch 092/150 | arcface 6.0737 | LR 1.07e-04
2026-07-03 18:19:48,446 train Epoch 093/150 | arcface 5.9957 | LR 1.04e-04
2026-07-03 18:20:06,709 train Epoch 094/150 | arcface 5.9396 | LR 1.01e-04
2026-07-03 18:20:24,965 train Epoch 095/150 | arcface 5.8813 | LR 9.77e-05
2026-07-03 18:20:43,173 train Epoch 096/150 | arcface 5.8093 | LR 9.47e-05
2026-07-03 18:21:01,455 train Epoch 097/150 | arcface 5.7750 | LR 9.17e-05
2026-07-03 18:21:19,679 train Epoch 098/150 | arcface 5.7069 | LR 8.87e-05
2026-07-03 18:21:37,370 train Epoch 099/150 | arcface 5.6896 | LR 8.58e-05
2026-07-03 18:21:55,465 verification [skip] no CSV for 131-03
2026-07-03 18:21:55,466 verification Cached 58/59 subjects in cache_verification
2026-07-03 18:21:57,461 train Epoch 100/150 | arcface 5.6355 | LR 8.28e-05 | val EER 5.37% rank1 70.7%
2026-07-03 18:22:14,920 train Epoch 101/150 | arcface 5.5579 | LR 8.00e-05
2026-07-03 18:22:33,159 train Epoch 102/150 | arcface 5.5297 | LR 7.71e-05
2026-07-03 18:22:51,310 train Epoch 103/150 | arcface 5.4541 | LR 7.43e-05
2026-07-03 18:23:09,468 train Epoch 104/150 | arcface 5.3963 | LR 7.15e-05
2026-07-03 18:23:27,704 train Epoch 105/150 | arcface 5.3808 | LR 6.88e-05
2026-07-03 18:23:45,979 train Epoch 106/150 | arcface 5.3148 | LR 6.61e-05
2026-07-03 18:24:04,219 train Epoch 107/150 | arcface 5.2407 | LR 6.34e-05
2026-07-03 18:24:22,567 train Epoch 108/150 | arcface 5.2178 | LR 6.08e-05
2026-07-03 18:24:40,532 train Epoch 109/150 | arcface 5.1824 | LR 5.82e-05
2026-07-03 18:24:58,797 verification [skip] no CSV for 131-03
2026-07-03 18:24:58,798 verification Cached 58/59 subjects in cache_verification
2026-07-03 18:25:00,818 train Epoch 110/150 | arcface 5.1388 | LR 5.56e-05 | val EER 5.57% rank1 72.4%
2026-07-03 18:25:19,085 train Epoch 111/150 | arcface 5.0796 | LR 5.31e-05
2026-07-03 18:25:37,388 train Epoch 112/150 | arcface 5.0801 | LR 5.07e-05
2026-07-03 18:25:55,672 train Epoch 113/150 | arcface 5.0167 | LR 4.83e-05
2026-07-03 18:26:13,861 train Epoch 114/150 | arcface 4.9693 | LR 4.59e-05
2026-07-03 18:26:32,189 train Epoch 115/150 | arcface 4.9557 | LR 4.36e-05
2026-07-03 18:26:50,375 train Epoch 116/150 | arcface 4.9422 | LR 4.14e-05
2026-07-03 18:27:08,606 train Epoch 117/150 | arcface 4.8705 | LR 3.92e-05
2026-07-03 18:27:26,676 train Epoch 118/150 | arcface 4.8378 | LR 3.70e-05
2026-07-03 18:27:44,997 train Epoch 119/150 | arcface 4.8231 | LR 3.49e-05
2026-07-03 18:28:03,232 verification [skip] no CSV for 131-03
2026-07-03 18:28:03,233 verification Cached 58/59 subjects in cache_verification
2026-07-03 18:28:05,231 train Epoch 120/150 | arcface 4.7624 | LR 3.28e-05 | val EER 5.17% rank1 74.1%
2026-07-03 18:28:23,524 train Epoch 121/150 | arcface 4.7382 | LR 3.09e-05
2026-07-03 18:28:41,686 train Epoch 122/150 | arcface 4.7196 | LR 2.89e-05
2026-07-03 18:28:59,901 train Epoch 123/150 | arcface 4.7028 | LR 2.70e-05
2026-07-03 18:29:18,057 train Epoch 124/150 | arcface 4.6789 | LR 2.52e-05
2026-07-03 18:29:36,332 train Epoch 125/150 | arcface 4.6053 | LR 2.35e-05
2026-07-03 18:29:54,658 train Epoch 126/150 | arcface 4.6412 | LR 2.17e-05
2026-07-03 18:30:12,951 train Epoch 127/150 | arcface 4.5924 | LR 2.01e-05
2026-07-03 18:30:31,080 train Epoch 128/150 | arcface 4.5551 | LR 1.85e-05
2026-07-03 18:30:49,292 train Epoch 129/150 | arcface 4.5850 | LR 1.70e-05
2026-07-03 18:31:07,530 verification [skip] no CSV for 131-03
2026-07-03 18:31:07,530 verification Cached 58/59 subjects in cache_verification
2026-07-03 18:31:09,534 train Epoch 130/150 | arcface 4.5501 | LR 1.55e-05 | val EER 5.31% rank1 72.4%
2026-07-03 18:31:27,555 train Epoch 131/150 | arcface 4.4966 | LR 1.41e-05
2026-07-03 18:31:45,613 train Epoch 132/150 | arcface 4.4826 | LR 1.28e-05
2026-07-03 18:32:03,890 train Epoch 133/150 | arcface 4.5000 | LR 1.16e-05
2026-07-03 18:32:22,067 train Epoch 134/150 | arcface 4.4837 | LR 1.04e-05
2026-07-03 18:32:40,246 train Epoch 135/150 | arcface 4.4694 | LR 9.21e-06
2026-07-03 18:32:58,482 train Epoch 136/150 | arcface 4.4193 | LR 8.14e-06
2026-07-03 18:33:16,432 train Epoch 137/150 | arcface 4.4520 | LR 7.14e-06
2026-07-03 18:33:34,671 train Epoch 138/150 | arcface 4.4505 | LR 6.20e-06
2026-07-03 18:33:52,946 train Epoch 139/150 | arcface 4.3919 | LR 5.34e-06
2026-07-03 18:34:11,188 verification [skip] no CSV for 131-03
2026-07-03 18:34:11,189 verification Cached 58/59 subjects in cache_verification
2026-07-03 18:34:13,192 train Epoch 140/150 | arcface 4.4178 | LR 4.54e-06 | val EER 5.19% rank1 72.4%
2026-07-03 18:34:31,391 train Epoch 141/150 | arcface 4.4065 | LR 3.80e-06
2026-07-03 18:34:49,539 train Epoch 142/150 | arcface 4.4167 | LR 3.14e-06
2026-07-03 18:35:07,746 train Epoch 143/150 | arcface 4.4155 | LR 2.55e-06
2026-07-03 18:35:25,834 train Epoch 144/150 | arcface 4.3834 | LR 2.02e-06
2026-07-03 18:35:44,013 train Epoch 145/150 | arcface 4.4106 | LR 1.56e-06
2026-07-03 18:36:02,380 train Epoch 146/150 | arcface 4.3680 | LR 1.18e-06
2026-07-03 18:36:20,707 train Epoch 147/150 | arcface 4.3968 | LR 8.62e-07
2026-07-03 18:36:38,896 train Epoch 148/150 | arcface 4.3913 | LR 6.16e-07
2026-07-03 18:36:57,082 train Epoch 149/150 | arcface 4.3896 | LR 4.41e-07
2026-07-03 18:37:15,328 verification [skip] no CSV for 131-03
2026-07-03 18:37:15,329 verification Cached 58/59 subjects in cache_verification
2026-07-03 18:37:17,297 train Epoch 150/150 | arcface 4.3438 | LR 3.35e-07 | val EER 5.17% rank1 72.4%
2026-07-03 18:37:17,504 train Done. Best val eer: 0.0517 → checkpoints_verification/s1b.pt
2026-07-03 18:37:17,504 train Per-epoch history → checkpoints_verification/s1b_history.csv  (plot: python plot_metrics.py curves --history checkpoints_verification/s1b_history.csv)
==================================================
2026年  7月  3日 金曜日 18:37:18 JST: TRAIN s2
2026-07-03 18:37:20,317 train Device cuda | model s2 | seed 42
2026-07-03 18:37:20,322 verification Split: train=816 val=59 test=224 | CSVs on disk=1095 | seed=42
2026-07-03 18:37:20,323 verification window=300 stride=150 enroll_ratio=0.70 gap=1200 samples nan_ratio=0.20
2026-07-03 18:37:20,327 verification [skip] no CSV for 133-06
2026-07-03 18:37:20,327 verification [skip] no CSV for 134-14
2026-07-03 18:37:20,328 verification [skip] no CSV for 137-11
2026-07-03 18:37:20,334 verification Cached 813/816 subjects in cache_verification
2026-07-03 18:37:24,544 verification Channel stats from 813 subjects, 95165321 frames.
2026-07-03 18:37:24,762 train Dataset: 813 identities, 631782 windows.
2026-07-03 18:37:25,128 train Loss: supcon
2026-07-03 18:37:25,129 train Trainable parameters: 21645496
2026-07-03 18:37:25,905 train Training 150 epochs (500 batches/epoch, batch=256)...
2026-07-03 18:37:44,278 train Epoch 001/150 | supcon 5.3561 | LR 3.00e-05
2026-07-03 18:38:01,320 train Epoch 002/150 | supcon 4.7481 | LR 8.40e-05
2026-07-03 18:38:19,225 train Epoch 003/150 | supcon 4.4681 | LR 1.38e-04
2026-07-03 18:38:37,376 train Epoch 004/150 | supcon 4.3570 | LR 1.92e-04
2026-07-03 18:38:55,202 train Epoch 005/150 | supcon 4.2747 | LR 2.46e-04
2026-07-03 18:39:13,624 train Epoch 006/150 | supcon 4.2167 | LR 3.00e-04
2026-07-03 18:39:31,848 train Epoch 007/150 | supcon 4.1073 | LR 3.00e-04
2026-07-03 18:39:50,124 train Epoch 008/150 | supcon 4.0317 | LR 3.00e-04
2026-07-03 18:40:08,124 train Epoch 009/150 | supcon 3.9806 | LR 3.00e-04
2026-07-03 18:40:26,433 verification [skip] no CSV for 131-03
2026-07-03 18:40:26,434 verification Cached 58/59 subjects in cache_verification
2026-07-03 18:40:28,743 train Epoch 010/150 | supcon 3.9031 | LR 2.99e-04 | val EER 6.79% rank1 56.9%  ★ best
2026-07-03 18:40:47,192 train Epoch 011/150 | supcon 3.8713 | LR 2.99e-04
2026-07-03 18:41:05,491 train Epoch 012/150 | supcon 3.8122 | LR 2.99e-04
2026-07-03 18:41:23,874 train Epoch 013/150 | supcon 3.7834 | LR 2.98e-04
2026-07-03 18:41:42,175 train Epoch 014/150 | supcon 3.7638 | LR 2.98e-04
2026-07-03 18:42:00,515 train Epoch 015/150 | supcon 3.7259 | LR 2.97e-04
2026-07-03 18:42:18,843 train Epoch 016/150 | supcon 3.6851 | LR 2.96e-04
2026-07-03 18:42:37,238 train Epoch 017/150 | supcon 3.6509 | LR 2.96e-04
2026-07-03 18:42:55,164 train Epoch 018/150 | supcon 3.6608 | LR 2.95e-04
2026-07-03 18:43:12,324 train Epoch 019/150 | supcon 3.6214 | LR 2.94e-04
2026-07-03 18:43:29,972 verification [skip] no CSV for 131-03
2026-07-03 18:43:29,972 verification Cached 58/59 subjects in cache_verification
2026-07-03 18:43:32,101 train Epoch 020/150 | supcon 3.6047 | LR 2.93e-04 | val EER 4.96% rank1 60.3%  ★ best
2026-07-03 18:43:50,145 train Epoch 021/150 | supcon 3.5712 | LR 2.92e-04
2026-07-03 18:44:07,694 train Epoch 022/150 | supcon 3.5638 | LR 2.91e-04
2026-07-03 18:44:24,905 train Epoch 023/150 | supcon 3.5457 | LR 2.90e-04
2026-07-03 18:44:41,997 train Epoch 024/150 | supcon 3.5152 | LR 2.89e-04
2026-07-03 18:44:59,527 train Epoch 025/150 | supcon 3.5179 | LR 2.87e-04
2026-07-03 18:45:16,996 train Epoch 026/150 | supcon 3.5054 | LR 2.86e-04
2026-07-03 18:45:33,982 train Epoch 027/150 | supcon 3.4889 | LR 2.85e-04
2026-07-03 18:45:51,116 train Epoch 028/150 | supcon 3.4828 | LR 2.83e-04
2026-07-03 18:46:08,031 train Epoch 029/150 | supcon 3.4596 | LR 2.82e-04
2026-07-03 18:46:25,524 verification [skip] no CSV for 131-03
2026-07-03 18:46:25,525 verification Cached 58/59 subjects in cache_verification
2026-07-03 18:46:27,647 train Epoch 030/150 | supcon 3.4511 | LR 2.80e-04 | val EER 4.90% rank1 74.1%  ★ best
2026-07-03 18:46:44,980 train Epoch 031/150 | supcon 3.4314 | LR 2.79e-04
2026-07-03 18:47:02,590 train Epoch 032/150 | supcon 3.4382 | LR 2.77e-04
2026-07-03 18:47:19,356 train Epoch 033/150 | supcon 3.3908 | LR 2.75e-04
2026-07-03 18:47:36,385 train Epoch 034/150 | supcon 3.3736 | LR 2.73e-04
2026-07-03 18:47:53,983 train Epoch 035/150 | supcon 3.3758 | LR 2.71e-04
2026-07-03 18:48:11,767 train Epoch 036/150 | supcon 3.3487 | LR 2.69e-04
2026-07-03 18:48:29,458 train Epoch 037/150 | supcon 3.3405 | LR 2.67e-04
2026-07-03 18:48:47,359 train Epoch 038/150 | supcon 3.3376 | LR 2.65e-04
2026-07-03 18:49:05,920 train Epoch 039/150 | supcon 3.3338 | LR 2.63e-04
2026-07-03 18:49:23,781 verification [skip] no CSV for 131-03
2026-07-03 18:49:23,782 verification Cached 58/59 subjects in cache_verification
2026-07-03 18:49:25,894 train Epoch 040/150 | supcon 3.3397 | LR 2.61e-04 | val EER 5.17% rank1 62.1%
2026-07-03 18:49:42,987 train Epoch 041/150 | supcon 3.3212 | LR 2.59e-04
2026-07-03 18:50:00,824 train Epoch 042/150 | supcon 3.2998 | LR 2.57e-04
2026-07-03 18:50:18,570 train Epoch 043/150 | supcon 3.2880 | LR 2.54e-04
2026-07-03 18:50:36,303 train Epoch 044/150 | supcon 3.2885 | LR 2.52e-04
2026-07-03 18:50:53,558 train Epoch 045/150 | supcon 3.2879 | LR 2.50e-04
2026-07-03 18:51:11,213 train Epoch 046/150 | supcon 3.2523 | LR 2.47e-04
2026-07-03 18:51:28,376 train Epoch 047/150 | supcon 3.2481 | LR 2.45e-04
2026-07-03 18:51:46,870 train Epoch 048/150 | supcon 3.2386 | LR 2.42e-04
2026-07-03 18:52:05,150 train Epoch 049/150 | supcon 3.2401 | LR 2.40e-04
2026-07-03 18:52:22,421 verification [skip] no CSV for 131-03
2026-07-03 18:52:22,422 verification Cached 58/59 subjects in cache_verification
2026-07-03 18:52:24,488 train Epoch 050/150 | supcon 3.2210 | LR 2.37e-04 | val EER 4.84% rank1 67.2%  ★ best
2026-07-03 18:52:41,599 train Epoch 051/150 | supcon 3.2223 | LR 2.34e-04
2026-07-03 18:52:59,217 train Epoch 052/150 | supcon 3.1869 | LR 2.32e-04
2026-07-03 18:53:15,935 train Epoch 053/150 | supcon 3.1949 | LR 2.29e-04
2026-07-03 18:53:33,409 train Epoch 054/150 | supcon 3.1887 | LR 2.26e-04
2026-07-03 18:53:50,520 train Epoch 055/150 | supcon 3.1698 | LR 2.23e-04
2026-07-03 18:54:07,720 train Epoch 056/150 | supcon 3.1658 | LR 2.20e-04
2026-07-03 18:54:25,155 train Epoch 057/150 | supcon 3.1673 | LR 2.17e-04
2026-07-03 18:54:42,313 train Epoch 058/150 | supcon 3.1497 | LR 2.15e-04
2026-07-03 18:54:59,845 train Epoch 059/150 | supcon 3.1467 | LR 2.12e-04
2026-07-03 18:55:16,982 verification [skip] no CSV for 131-03
2026-07-03 18:55:16,983 verification Cached 58/59 subjects in cache_verification
2026-07-03 18:55:19,066 train Epoch 060/150 | supcon 3.1393 | LR 2.09e-04 | val EER 5.17% rank1 67.2%
2026-07-03 18:55:36,583 train Epoch 061/150 | supcon 3.1358 | LR 2.06e-04
2026-07-03 18:55:54,544 train Epoch 062/150 | supcon 3.1217 | LR 2.03e-04
2026-07-03 18:56:12,604 train Epoch 063/150 | supcon 3.1241 | LR 2.00e-04
2026-07-03 18:56:30,745 train Epoch 064/150 | supcon 3.0991 | LR 1.96e-04
2026-07-03 18:56:47,638 train Epoch 065/150 | supcon 3.1053 | LR 1.93e-04
2026-07-03 18:57:05,218 train Epoch 066/150 | supcon 3.0873 | LR 1.90e-04
2026-07-03 18:57:22,091 train Epoch 067/150 | supcon 3.0700 | LR 1.87e-04
2026-07-03 18:57:39,384 train Epoch 068/150 | supcon 3.0653 | LR 1.84e-04
2026-07-03 18:57:56,497 train Epoch 069/150 | supcon 3.0699 | LR 1.81e-04
2026-07-03 18:58:13,968 verification [skip] no CSV for 131-03
2026-07-03 18:58:13,969 verification Cached 58/59 subjects in cache_verification
2026-07-03 18:58:16,063 train Epoch 070/150 | supcon 3.0506 | LR 1.78e-04 | val EER 3.68% rank1 72.4%  ★ best
2026-07-03 18:58:33,660 train Epoch 071/150 | supcon 3.0577 | LR 1.74e-04
2026-07-03 18:58:51,168 train Epoch 072/150 | supcon 3.0512 | LR 1.71e-04
2026-07-03 18:59:09,317 train Epoch 073/150 | supcon 3.0408 | LR 1.68e-04
2026-07-03 18:59:27,051 train Epoch 074/150 | supcon 3.0381 | LR 1.65e-04
2026-07-03 18:59:45,097 train Epoch 075/150 | supcon 3.0292 | LR 1.62e-04
2026-07-03 19:00:03,071 train Epoch 076/150 | supcon 3.0179 | LR 1.58e-04
2026-07-03 19:00:21,131 train Epoch 077/150 | supcon 3.0183 | LR 1.55e-04
2026-07-03 19:00:39,489 train Epoch 078/150 | supcon 3.0086 | LR 1.52e-04
2026-07-03 19:00:57,850 train Epoch 079/150 | supcon 2.9931 | LR 1.49e-04
2026-07-03 19:01:16,179 verification [skip] no CSV for 131-03
2026-07-03 19:01:16,181 verification Cached 58/59 subjects in cache_verification
2026-07-03 19:01:18,294 train Epoch 080/150 | supcon 2.9979 | LR 1.45e-04 | val EER 4.95% rank1 79.3%
2026-07-03 19:01:36,611 train Epoch 081/150 | supcon 2.9918 | LR 1.42e-04
2026-07-03 19:01:54,914 train Epoch 082/150 | supcon 2.9867 | LR 1.39e-04
2026-07-03 19:02:13,174 train Epoch 083/150 | supcon 2.9747 | LR 1.36e-04
2026-07-03 19:02:31,576 train Epoch 084/150 | supcon 2.9654 | LR 1.32e-04
2026-07-03 19:02:49,819 train Epoch 085/150 | supcon 2.9626 | LR 1.29e-04
2026-07-03 19:03:08,014 train Epoch 086/150 | supcon 2.9524 | LR 1.26e-04
2026-07-03 19:03:26,383 train Epoch 087/150 | supcon 2.9445 | LR 1.23e-04
2026-07-03 19:03:44,597 train Epoch 088/150 | supcon 2.9437 | LR 1.20e-04
2026-07-03 19:04:02,878 train Epoch 089/150 | supcon 2.9261 | LR 1.16e-04
2026-07-03 19:04:21,197 verification [skip] no CSV for 131-03
2026-07-03 19:04:21,199 verification Cached 58/59 subjects in cache_verification
2026-07-03 19:04:23,278 train Epoch 090/150 | supcon 2.9296 | LR 1.13e-04 | val EER 5.17% rank1 75.9%
2026-07-03 19:04:41,621 train Epoch 091/150 | supcon 2.9300 | LR 1.10e-04
2026-07-03 19:04:59,788 train Epoch 092/150 | supcon 2.9173 | LR 1.07e-04
2026-07-03 19:05:18,027 train Epoch 093/150 | supcon 2.9074 | LR 1.04e-04
2026-07-03 19:05:36,220 train Epoch 094/150 | supcon 2.8964 | LR 1.01e-04
2026-07-03 19:05:54,591 train Epoch 095/150 | supcon 2.8884 | LR 9.77e-05
2026-07-03 19:06:12,841 train Epoch 096/150 | supcon 2.8885 | LR 9.47e-05
2026-07-03 19:06:31,060 train Epoch 097/150 | supcon 2.8925 | LR 9.17e-05
2026-07-03 19:06:49,323 train Epoch 098/150 | supcon 2.8767 | LR 8.87e-05
2026-07-03 19:07:07,681 train Epoch 099/150 | supcon 2.8768 | LR 8.58e-05
2026-07-03 19:07:26,048 verification [skip] no CSV for 131-03
2026-07-03 19:07:26,048 verification Cached 58/59 subjects in cache_verification
2026-07-03 19:07:28,118 train Epoch 100/150 | supcon 2.8726 | LR 8.28e-05 | val EER 3.45% rank1 82.8%  ★ best
2026-07-03 19:07:46,679 train Epoch 101/150 | supcon 2.8629 | LR 8.00e-05
2026-07-03 19:08:04,945 train Epoch 102/150 | supcon 2.8726 | LR 7.71e-05
2026-07-03 19:08:23,216 train Epoch 103/150 | supcon 2.8442 | LR 7.43e-05
2026-07-03 19:08:41,504 train Epoch 104/150 | supcon 2.8384 | LR 7.15e-05
2026-07-03 19:08:59,703 train Epoch 105/150 | supcon 2.8523 | LR 6.88e-05
2026-07-03 19:09:17,995 train Epoch 106/150 | supcon 2.8450 | LR 6.61e-05
2026-07-03 19:09:36,223 train Epoch 107/150 | supcon 2.8276 | LR 6.34e-05
2026-07-03 19:09:54,437 train Epoch 108/150 | supcon 2.8350 | LR 6.08e-05
2026-07-03 19:10:12,684 train Epoch 109/150 | supcon 2.8169 | LR 5.82e-05
2026-07-03 19:10:30,966 verification [skip] no CSV for 131-03
2026-07-03 19:10:30,966 verification Cached 58/59 subjects in cache_verification
2026-07-03 19:10:33,036 train Epoch 110/150 | supcon 2.8158 | LR 5.56e-05 | val EER 3.45% rank1 84.5%
2026-07-03 19:10:51,303 train Epoch 111/150 | supcon 2.8172 | LR 5.31e-05
2026-07-03 19:11:09,575 train Epoch 112/150 | supcon 2.8097 | LR 5.07e-05
2026-07-03 19:11:27,840 train Epoch 113/150 | supcon 2.8113 | LR 4.83e-05
2026-07-03 19:11:46,208 train Epoch 114/150 | supcon 2.7934 | LR 4.59e-05
2026-07-03 19:12:04,473 train Epoch 115/150 | supcon 2.8007 | LR 4.36e-05
2026-07-03 19:12:22,824 train Epoch 116/150 | supcon 2.7976 | LR 4.14e-05
2026-07-03 19:12:41,018 train Epoch 117/150 | supcon 2.7853 | LR 3.92e-05
2026-07-03 19:12:59,366 train Epoch 118/150 | supcon 2.7827 | LR 3.70e-05
2026-07-03 19:13:17,681 train Epoch 119/150 | supcon 2.7702 | LR 3.49e-05
2026-07-03 19:13:36,007 verification [skip] no CSV for 131-03
2026-07-03 19:13:36,007 verification Cached 58/59 subjects in cache_verification
2026-07-03 19:13:38,046 train Epoch 120/150 | supcon 2.7687 | LR 3.28e-05 | val EER 3.45% rank1 82.8%
2026-07-03 19:13:56,432 train Epoch 121/150 | supcon 2.7647 | LR 3.09e-05
2026-07-03 19:14:14,684 train Epoch 122/150 | supcon 2.7617 | LR 2.89e-05
2026-07-03 19:14:32,907 train Epoch 123/150 | supcon 2.7694 | LR 2.70e-05
2026-07-03 19:14:51,152 train Epoch 124/150 | supcon 2.7555 | LR 2.52e-05
2026-07-03 19:15:09,342 train Epoch 125/150 | supcon 2.7560 | LR 2.35e-05
2026-07-03 19:15:27,677 train Epoch 126/150 | supcon 2.7545 | LR 2.17e-05
2026-07-03 19:15:45,927 train Epoch 127/150 | supcon 2.7465 | LR 2.01e-05
2026-07-03 19:16:04,100 train Epoch 128/150 | supcon 2.7445 | LR 1.85e-05
2026-07-03 19:16:22,219 train Epoch 129/150 | supcon 2.7508 | LR 1.70e-05
2026-07-03 19:16:40,148 verification [skip] no CSV for 131-03
2026-07-03 19:16:40,149 verification Cached 58/59 subjects in cache_verification
2026-07-03 19:16:42,227 train Epoch 130/150 | supcon 2.7430 | LR 1.55e-05 | val EER 4.85% rank1 84.5%
2026-07-03 19:17:00,546 train Epoch 131/150 | supcon 2.7388 | LR 1.41e-05
2026-07-03 19:17:18,754 train Epoch 132/150 | supcon 2.7353 | LR 1.28e-05
2026-07-03 19:17:36,892 train Epoch 133/150 | supcon 2.7342 | LR 1.16e-05
2026-07-03 19:17:55,061 train Epoch 134/150 | supcon 2.7324 | LR 1.04e-05
2026-07-03 19:18:13,284 train Epoch 135/150 | supcon 2.7264 | LR 9.21e-06
2026-07-03 19:18:31,601 train Epoch 136/150 | supcon 2.7287 | LR 8.14e-06
2026-07-03 19:18:49,869 train Epoch 137/150 | supcon 2.7287 | LR 7.14e-06
2026-07-03 19:19:08,094 train Epoch 138/150 | supcon 2.7283 | LR 6.20e-06
2026-07-03 19:19:26,125 train Epoch 139/150 | supcon 2.7164 | LR 5.34e-06
2026-07-03 19:19:43,958 verification [skip] no CSV for 131-03
2026-07-03 19:19:43,959 verification Cached 58/59 subjects in cache_verification
2026-07-03 19:19:45,983 train Epoch 140/150 | supcon 2.7166 | LR 4.54e-06 | val EER 4.79% rank1 82.8%
2026-07-03 19:20:03,219 train Epoch 141/150 | supcon 2.7137 | LR 3.80e-06
2026-07-03 19:20:20,347 train Epoch 142/150 | supcon 2.7215 | LR 3.14e-06
2026-07-03 19:20:36,937 train Epoch 143/150 | supcon 2.7193 | LR 2.55e-06
2026-07-03 19:20:53,845 train Epoch 144/150 | supcon 2.7173 | LR 2.02e-06
2026-07-03 19:21:10,693 train Epoch 145/150 | supcon 2.7157 | LR 1.56e-06
2026-07-03 19:21:27,389 train Epoch 146/150 | supcon 2.7110 | LR 1.18e-06
2026-07-03 19:21:44,320 train Epoch 147/150 | supcon 2.7183 | LR 8.62e-07
2026-07-03 19:22:00,499 train Epoch 148/150 | supcon 2.7163 | LR 6.16e-07
2026-07-03 19:22:17,225 train Epoch 149/150 | supcon 2.7160 | LR 4.41e-07
2026-07-03 19:22:34,217 verification [skip] no CSV for 131-03
2026-07-03 19:22:34,217 verification Cached 58/59 subjects in cache_verification
2026-07-03 19:22:36,242 train Epoch 150/150 | supcon 2.7077 | LR 3.35e-07 | val EER 4.79% rank1 86.2%
2026-07-03 19:22:36,439 train Done. Best val eer: 0.0345 → checkpoints_verification/s2.pt
2026-07-03 19:22:36,439 train Per-epoch history → checkpoints_verification/s2_history.csv  (plot: python plot_metrics.py curves --history checkpoints_verification/s2_history.csv)
==================================================
2026年  7月  3日 金曜日 19:22:37 JST: TRAIN s2a
2026-07-03 19:22:39,096 train Device cuda | model s2a | seed 42
2026-07-03 19:22:39,102 verification Split: train=816 val=59 test=224 | CSVs on disk=1095 | seed=42
2026-07-03 19:22:39,102 verification window=300 stride=150 enroll_ratio=0.70 gap=1200 samples nan_ratio=0.20
2026-07-03 19:22:39,106 verification [skip] no CSV for 133-06
2026-07-03 19:22:39,107 verification [skip] no CSV for 134-14
2026-07-03 19:22:39,107 verification [skip] no CSV for 137-11
2026-07-03 19:22:39,113 verification Cached 813/816 subjects in cache_verification
2026-07-03 19:22:43,223 verification Channel stats from 813 subjects, 95165321 frames.
2026-07-03 19:22:43,439 train Dataset: 813 identities, 631782 windows.
2026-07-03 19:22:43,804 train Loss: supcon
2026-07-03 19:22:43,805 train Trainable parameters: 21645496
2026-07-03 19:22:44,580 train Training 150 epochs (500 batches/epoch, batch=256)...
2026-07-03 19:23:02,479 train Epoch 001/150 | supcon 5.3561 | LR 3.00e-05
2026-07-03 19:23:18,821 train Epoch 002/150 | supcon 4.7474 | LR 8.40e-05
2026-07-03 19:23:35,041 train Epoch 003/150 | supcon 4.4805 | LR 1.38e-04
2026-07-03 19:23:51,377 train Epoch 004/150 | supcon 4.3630 | LR 1.92e-04
2026-07-03 19:24:07,876 train Epoch 005/150 | supcon 4.3216 | LR 2.46e-04
2026-07-03 19:24:24,909 train Epoch 006/150 | supcon 4.2190 | LR 3.00e-04
2026-07-03 19:24:41,786 train Epoch 007/150 | supcon 4.1420 | LR 3.00e-04
2026-07-03 19:24:58,345 train Epoch 008/150 | supcon 4.0293 | LR 3.00e-04
2026-07-03 19:25:14,651 train Epoch 009/150 | supcon 3.9459 | LR 3.00e-04
2026-07-03 19:25:31,065 verification [skip] no CSV for 131-03
2026-07-03 19:25:31,066 verification Cached 58/59 subjects in cache_verification
2026-07-03 19:25:33,265 train Epoch 010/150 | supcon 3.9205 | LR 2.99e-04 | val EER 5.60% rank1 44.8%  ★ best
2026-07-03 19:25:50,163 train Epoch 011/150 | supcon 3.8490 | LR 2.99e-04
2026-07-03 19:26:06,605 train Epoch 012/150 | supcon 3.8146 | LR 2.99e-04
2026-07-03 19:26:23,222 train Epoch 013/150 | supcon 3.7872 | LR 2.98e-04
2026-07-03 19:26:39,620 train Epoch 014/150 | supcon 3.7530 | LR 2.98e-04
2026-07-03 19:26:56,480 train Epoch 015/150 | supcon 3.7332 | LR 2.97e-04
2026-07-03 19:27:12,667 train Epoch 016/150 | supcon 3.7003 | LR 2.96e-04
2026-07-03 19:27:29,395 train Epoch 017/150 | supcon 3.6611 | LR 2.96e-04
2026-07-03 19:27:46,197 train Epoch 018/150 | supcon 3.6456 | LR 2.95e-04
2026-07-03 19:28:02,622 train Epoch 019/150 | supcon 3.6277 | LR 2.94e-04
2026-07-03 19:28:18,951 verification [skip] no CSV for 131-03
2026-07-03 19:28:18,952 verification Cached 58/59 subjects in cache_verification
2026-07-03 19:28:20,986 train Epoch 020/150 | supcon 3.5979 | LR 2.93e-04 | val EER 6.90% rank1 55.2%
2026-07-03 19:28:37,577 train Epoch 021/150 | supcon 3.5667 | LR 2.92e-04
2026-07-03 19:28:54,515 train Epoch 022/150 | supcon 3.5570 | LR 2.91e-04
2026-07-03 19:29:11,352 train Epoch 023/150 | supcon 3.5351 | LR 2.90e-04
2026-07-03 19:29:28,499 train Epoch 024/150 | supcon 3.5344 | LR 2.89e-04
2026-07-03 19:29:45,501 train Epoch 025/150 | supcon 3.5064 | LR 2.87e-04
2026-07-03 19:30:02,618 train Epoch 026/150 | supcon 3.4991 | LR 2.86e-04
2026-07-03 19:30:19,602 train Epoch 027/150 | supcon 3.4734 | LR 2.85e-04
2026-07-03 19:30:36,470 train Epoch 028/150 | supcon 3.4692 | LR 2.83e-04
2026-07-03 19:30:52,956 train Epoch 029/150 | supcon 3.4544 | LR 2.82e-04
2026-07-03 19:31:09,779 verification [skip] no CSV for 131-03
2026-07-03 19:31:09,780 verification Cached 58/59 subjects in cache_verification
2026-07-03 19:31:11,784 train Epoch 030/150 | supcon 3.4473 | LR 2.80e-04 | val EER 5.38% rank1 70.7%  ★ best
2026-07-03 19:31:28,640 train Epoch 031/150 | supcon 3.4134 | LR 2.79e-04
2026-07-03 19:31:45,623 train Epoch 032/150 | supcon 3.4181 | LR 2.77e-04
2026-07-03 19:32:02,731 train Epoch 033/150 | supcon 3.3943 | LR 2.75e-04
2026-07-03 19:32:18,953 train Epoch 034/150 | supcon 3.3740 | LR 2.73e-04
2026-07-03 19:32:35,520 train Epoch 035/150 | supcon 3.3710 | LR 2.71e-04
2026-07-03 19:32:52,577 train Epoch 036/150 | supcon 3.3654 | LR 2.69e-04
2026-07-03 19:33:09,668 train Epoch 037/150 | supcon 3.3398 | LR 2.67e-04
2026-07-03 19:33:26,189 train Epoch 038/150 | supcon 3.3360 | LR 2.65e-04
2026-07-03 19:33:42,643 train Epoch 039/150 | supcon 3.3254 | LR 2.63e-04
2026-07-03 19:33:58,852 verification [skip] no CSV for 131-03
2026-07-03 19:33:58,853 verification Cached 58/59 subjects in cache_verification
2026-07-03 19:34:00,864 train Epoch 040/150 | supcon 3.3147 | LR 2.61e-04 | val EER 5.49% rank1 63.8%
2026-07-03 19:34:17,816 train Epoch 041/150 | supcon 3.3225 | LR 2.59e-04
2026-07-03 19:34:34,400 train Epoch 042/150 | supcon 3.3046 | LR 2.57e-04
2026-07-03 19:34:50,612 train Epoch 043/150 | supcon 3.2774 | LR 2.54e-04
2026-07-03 19:35:06,879 train Epoch 044/150 | supcon 3.2851 | LR 2.52e-04
2026-07-03 19:35:23,996 train Epoch 045/150 | supcon 3.2817 | LR 2.50e-04
2026-07-03 19:35:40,785 train Epoch 046/150 | supcon 3.2556 | LR 2.47e-04
2026-07-03 19:35:57,208 train Epoch 047/150 | supcon 3.2544 | LR 2.45e-04
2026-07-03 19:36:14,051 train Epoch 048/150 | supcon 3.2430 | LR 2.42e-04
2026-07-03 19:36:30,462 train Epoch 049/150 | supcon 3.2369 | LR 2.40e-04
2026-07-03 19:36:46,850 verification [skip] no CSV for 131-03
2026-07-03 19:36:46,850 verification Cached 58/59 subjects in cache_verification
2026-07-03 19:36:48,865 train Epoch 050/150 | supcon 3.2215 | LR 2.37e-04 | val EER 4.99% rank1 67.2%  ★ best
2026-07-03 19:37:05,494 train Epoch 051/150 | supcon 3.2242 | LR 2.34e-04
2026-07-03 19:37:21,788 train Epoch 052/150 | supcon 3.2184 | LR 2.32e-04
2026-07-03 19:37:38,295 train Epoch 053/150 | supcon 3.1987 | LR 2.29e-04
2026-07-03 19:37:55,486 train Epoch 054/150 | supcon 3.1839 | LR 2.26e-04
2026-07-03 19:38:12,072 train Epoch 055/150 | supcon 3.1751 | LR 2.23e-04
2026-07-03 19:38:28,514 train Epoch 056/150 | supcon 3.1693 | LR 2.20e-04
2026-07-03 19:38:45,438 train Epoch 057/150 | supcon 3.1634 | LR 2.17e-04
2026-07-03 19:39:02,452 train Epoch 058/150 | supcon 3.1538 | LR 2.15e-04
2026-07-03 19:39:19,551 train Epoch 059/150 | supcon 3.1543 | LR 2.12e-04
2026-07-03 19:39:36,330 verification [skip] no CSV for 131-03
2026-07-03 19:39:36,331 verification Cached 58/59 subjects in cache_verification
2026-07-03 19:39:38,336 train Epoch 060/150 | supcon 3.1392 | LR 2.09e-04 | val EER 5.17% rank1 62.1%
2026-07-03 19:39:54,543 train Epoch 061/150 | supcon 3.1257 | LR 2.06e-04
2026-07-03 19:40:11,244 train Epoch 062/150 | supcon 3.1282 | LR 2.03e-04
2026-07-03 19:40:28,304 train Epoch 063/150 | supcon 3.1273 | LR 2.00e-04
2026-07-03 19:40:45,399 train Epoch 064/150 | supcon 3.1075 | LR 1.96e-04
2026-07-03 19:41:02,421 train Epoch 065/150 | supcon 3.1023 | LR 1.93e-04
2026-07-03 19:41:19,881 train Epoch 066/150 | supcon 3.1017 | LR 1.90e-04
2026-07-03 19:41:36,270 train Epoch 067/150 | supcon 3.0714 | LR 1.87e-04
2026-07-03 19:41:52,685 train Epoch 068/150 | supcon 3.0727 | LR 1.84e-04
2026-07-03 19:42:08,999 train Epoch 069/150 | supcon 3.0712 | LR 1.81e-04
2026-07-03 19:42:25,572 verification [skip] no CSV for 131-03
2026-07-03 19:42:25,572 verification Cached 58/59 subjects in cache_verification
2026-07-03 19:42:27,594 train Epoch 070/150 | supcon 3.0508 | LR 1.78e-04 | val EER 4.89% rank1 75.9%  ★ best
2026-07-03 19:42:44,765 train Epoch 071/150 | supcon 3.0537 | LR 1.74e-04
2026-07-03 19:43:01,483 train Epoch 072/150 | supcon 3.0531 | LR 1.71e-04
2026-07-03 19:43:18,006 train Epoch 073/150 | supcon 3.0401 | LR 1.68e-04
2026-07-03 19:43:34,977 train Epoch 074/150 | supcon 3.0387 | LR 1.65e-04
2026-07-03 19:43:51,815 train Epoch 075/150 | supcon 3.0272 | LR 1.62e-04
2026-07-03 19:44:08,759 train Epoch 076/150 | supcon 3.0205 | LR 1.58e-04
2026-07-03 19:44:25,925 train Epoch 077/150 | supcon 3.0130 | LR 1.55e-04
2026-07-03 19:44:42,882 train Epoch 078/150 | supcon 3.0151 | LR 1.52e-04
2026-07-03 19:44:59,996 train Epoch 079/150 | supcon 2.9946 | LR 1.49e-04
2026-07-03 19:45:16,646 verification [skip] no CSV for 131-03
2026-07-03 19:45:16,646 verification Cached 58/59 subjects in cache_verification
2026-07-03 19:45:18,658 train Epoch 080/150 | supcon 3.0001 | LR 1.45e-04 | val EER 3.48% rank1 79.3%  ★ best
2026-07-03 19:45:35,826 train Epoch 081/150 | supcon 2.9878 | LR 1.42e-04
2026-07-03 19:45:53,042 train Epoch 082/150 | supcon 2.9889 | LR 1.39e-04
2026-07-03 19:46:10,414 train Epoch 083/150 | supcon 2.9670 | LR 1.36e-04
2026-07-03 19:46:26,847 train Epoch 084/150 | supcon 2.9706 | LR 1.32e-04
2026-07-03 19:46:43,564 train Epoch 085/150 | supcon 2.9671 | LR 1.29e-04
2026-07-03 19:47:00,084 train Epoch 086/150 | supcon 2.9447 | LR 1.26e-04
2026-07-03 19:47:16,634 train Epoch 087/150 | supcon 2.9490 | LR 1.23e-04
2026-07-03 19:47:33,578 train Epoch 088/150 | supcon 2.9425 | LR 1.20e-04
2026-07-03 19:47:50,212 train Epoch 089/150 | supcon 2.9257 | LR 1.16e-04
2026-07-03 19:48:06,799 verification [skip] no CSV for 131-03
2026-07-03 19:48:06,800 verification Cached 58/59 subjects in cache_verification
2026-07-03 19:48:08,808 train Epoch 090/150 | supcon 2.9262 | LR 1.13e-04 | val EER 5.17% rank1 75.9%
2026-07-03 19:48:25,091 train Epoch 091/150 | supcon 2.9239 | LR 1.10e-04
2026-07-03 19:48:42,172 train Epoch 092/150 | supcon 2.9122 | LR 1.07e-04
2026-07-03 19:48:59,114 train Epoch 093/150 | supcon 2.9088 | LR 1.04e-04
2026-07-03 19:49:15,670 train Epoch 094/150 | supcon 2.8942 | LR 1.01e-04
2026-07-03 19:49:32,345 train Epoch 095/150 | supcon 2.8906 | LR 9.77e-05
2026-07-03 19:49:49,442 train Epoch 096/150 | supcon 2.8894 | LR 9.47e-05
2026-07-03 19:50:05,872 train Epoch 097/150 | supcon 2.8872 | LR 9.17e-05
2026-07-03 19:50:23,069 train Epoch 098/150 | supcon 2.8741 | LR 8.87e-05
2026-07-03 19:50:40,301 train Epoch 099/150 | supcon 2.8721 | LR 8.58e-05
2026-07-03 19:50:57,446 verification [skip] no CSV for 131-03
2026-07-03 19:50:57,447 verification Cached 58/59 subjects in cache_verification
2026-07-03 19:50:59,469 train Epoch 100/150 | supcon 2.8698 | LR 8.28e-05 | val EER 3.45% rank1 82.8%  ★ best
2026-07-03 19:51:16,450 train Epoch 101/150 | supcon 2.8636 | LR 8.00e-05
2026-07-03 19:51:32,964 train Epoch 102/150 | supcon 2.8697 | LR 7.71e-05
2026-07-03 19:51:49,959 train Epoch 103/150 | supcon 2.8457 | LR 7.43e-05
2026-07-03 19:52:06,346 train Epoch 104/150 | supcon 2.8365 | LR 7.15e-05
2026-07-03 19:52:22,826 train Epoch 105/150 | supcon 2.8490 | LR 6.88e-05
2026-07-03 19:52:39,427 train Epoch 106/150 | supcon 2.8480 | LR 6.61e-05
2026-07-03 19:52:56,505 train Epoch 107/150 | supcon 2.8281 | LR 6.34e-05
2026-07-03 19:53:13,289 train Epoch 108/150 | supcon 2.8318 | LR 6.08e-05
2026-07-03 19:53:29,793 train Epoch 109/150 | supcon 2.8159 | LR 5.82e-05
2026-07-03 19:53:46,162 verification [skip] no CSV for 131-03
2026-07-03 19:53:46,163 verification Cached 58/59 subjects in cache_verification
2026-07-03 19:53:48,178 train Epoch 110/150 | supcon 2.8122 | LR 5.56e-05 | val EER 3.60% rank1 82.8%
2026-07-03 19:54:05,133 train Epoch 111/150 | supcon 2.8175 | LR 5.31e-05
2026-07-03 19:54:21,563 train Epoch 112/150 | supcon 2.8077 | LR 5.07e-05
2026-07-03 19:54:38,474 train Epoch 113/150 | supcon 2.8108 | LR 4.83e-05
2026-07-03 19:54:55,102 train Epoch 114/150 | supcon 2.7915 | LR 4.59e-05
2026-07-03 19:55:12,172 train Epoch 115/150 | supcon 2.8013 | LR 4.36e-05
2026-07-03 19:55:28,509 train Epoch 116/150 | supcon 2.7981 | LR 4.14e-05
2026-07-03 19:55:45,516 train Epoch 117/150 | supcon 2.7865 | LR 3.92e-05
2026-07-03 19:56:02,126 train Epoch 118/150 | supcon 2.7825 | LR 3.70e-05
2026-07-03 19:56:18,863 train Epoch 119/150 | supcon 2.7701 | LR 3.49e-05
2026-07-03 19:56:35,672 verification [skip] no CSV for 131-03
2026-07-03 19:56:35,673 verification Cached 58/59 subjects in cache_verification
2026-07-03 19:56:37,685 train Epoch 120/150 | supcon 2.7687 | LR 3.28e-05 | val EER 3.45% rank1 81.0%
2026-07-03 19:56:54,461 train Epoch 121/150 | supcon 2.7656 | LR 3.09e-05
2026-07-03 19:57:10,663 train Epoch 122/150 | supcon 2.7620 | LR 2.89e-05
2026-07-03 19:57:27,262 train Epoch 123/150 | supcon 2.7689 | LR 2.70e-05
2026-07-03 19:57:44,206 train Epoch 124/150 | supcon 2.7561 | LR 2.52e-05
2026-07-03 19:58:00,555 train Epoch 125/150 | supcon 2.7558 | LR 2.35e-05
2026-07-03 19:58:17,612 train Epoch 126/150 | supcon 2.7558 | LR 2.17e-05
2026-07-03 19:58:34,596 train Epoch 127/150 | supcon 2.7470 | LR 2.01e-05
2026-07-03 19:58:51,654 train Epoch 128/150 | supcon 2.7439 | LR 1.85e-05
2026-07-03 19:59:08,794 train Epoch 129/150 | supcon 2.7505 | LR 1.70e-05
2026-07-03 19:59:25,655 verification [skip] no CSV for 131-03
2026-07-03 19:59:25,656 verification Cached 58/59 subjects in cache_verification
2026-07-03 19:59:27,662 train Epoch 130/150 | supcon 2.7444 | LR 1.55e-05 | val EER 3.86% rank1 81.0%
2026-07-03 19:59:44,632 train Epoch 131/150 | supcon 2.7384 | LR 1.41e-05
2026-07-03 20:00:01,742 train Epoch 132/150 | supcon 2.7355 | LR 1.28e-05
2026-07-03 20:00:18,711 train Epoch 133/150 | supcon 2.7357 | LR 1.16e-05
2026-07-03 20:00:35,065 train Epoch 134/150 | supcon 2.7326 | LR 1.04e-05
2026-07-03 20:00:51,485 train Epoch 135/150 | supcon 2.7260 | LR 9.21e-06
2026-07-03 20:01:07,846 train Epoch 136/150 | supcon 2.7289 | LR 8.14e-06
2026-07-03 20:01:24,354 train Epoch 137/150 | supcon 2.7287 | LR 7.14e-06
2026-07-03 20:01:40,985 train Epoch 138/150 | supcon 2.7282 | LR 6.20e-06
2026-07-03 20:01:57,374 train Epoch 139/150 | supcon 2.7166 | LR 5.34e-06
2026-07-03 20:02:13,891 verification [skip] no CSV for 131-03
2026-07-03 20:02:13,891 verification Cached 58/59 subjects in cache_verification
2026-07-03 20:02:15,912 train Epoch 140/150 | supcon 2.7177 | LR 4.54e-06 | val EER 4.98% rank1 79.3%
2026-07-03 20:02:33,088 train Epoch 141/150 | supcon 2.7133 | LR 3.80e-06
2026-07-03 20:02:50,330 train Epoch 142/150 | supcon 2.7219 | LR 3.14e-06
2026-07-03 20:03:07,504 train Epoch 143/150 | supcon 2.7205 | LR 2.55e-06
2026-07-03 20:03:24,496 train Epoch 144/150 | supcon 2.7171 | LR 2.02e-06
2026-07-03 20:03:40,928 train Epoch 145/150 | supcon 2.7145 | LR 1.56e-06
2026-07-03 20:03:57,622 train Epoch 146/150 | supcon 2.7105 | LR 1.18e-06
2026-07-03 20:04:14,724 train Epoch 147/150 | supcon 2.7181 | LR 8.62e-07
2026-07-03 20:04:31,906 train Epoch 148/150 | supcon 2.7170 | LR 6.16e-07
2026-07-03 20:04:48,957 train Epoch 149/150 | supcon 2.7156 | LR 4.41e-07
2026-07-03 20:05:06,017 verification [skip] no CSV for 131-03
2026-07-03 20:05:06,018 verification Cached 58/59 subjects in cache_verification
2026-07-03 20:05:08,027 train Epoch 150/150 | supcon 2.7072 | LR 3.35e-07 | val EER 4.85% rank1 82.8%
2026-07-03 20:05:08,211 train Done. Best val eer: 0.0345 → checkpoints_verification/s2a.pt
2026-07-03 20:05:08,211 train Per-epoch history → checkpoints_verification/s2a_history.csv  (plot: python plot_metrics.py curves --history checkpoints_verification/s2a_history.csv)
==================================================
2026年  7月  3日 金曜日 20:05:09 JST: TRAIN s2b
2026-07-03 20:05:10,882 train Device cuda | model s2b | seed 42
2026-07-03 20:05:10,887 verification Split: train=816 val=59 test=224 | CSVs on disk=1095 | seed=42
2026-07-03 20:05:10,887 verification window=300 stride=150 enroll_ratio=0.70 gap=1200 samples nan_ratio=0.20
2026-07-03 20:05:10,892 verification [skip] no CSV for 133-06
2026-07-03 20:05:10,892 verification [skip] no CSV for 134-14
2026-07-03 20:05:10,893 verification [skip] no CSV for 137-11
2026-07-03 20:05:10,899 verification Cached 813/816 subjects in cache_verification
2026-07-03 20:05:14,982 verification Channel stats from 813 subjects, 95165321 frames.
2026-07-03 20:05:15,198 train Dataset: 813 identities, 631782 windows.
2026-07-03 20:05:15,560 train Loss: arcface
2026-07-03 20:05:16,071 verification ArcFace: pytorch_metric_learning (scale=30.0, margin=20.0 deg).
2026-07-03 20:05:16,072 train Trainable parameters: 21749560
2026-07-03 20:05:16,072 train arcface head: lr=1.0e-03, weight_decay=0, margin warm-up over 15 epoch(s).
2026-07-03 20:05:16,767 train Training 150 epochs (500 batches/epoch, batch=256)...
2026-07-03 20:05:35,189 train Epoch 001/150 | arcface 8.6963 | LR 3.00e-05
2026-07-03 20:05:52,847 train Epoch 002/150 | arcface 8.6996 | LR 8.40e-05
2026-07-03 20:06:10,555 train Epoch 003/150 | arcface 8.9500 | LR 1.38e-04
2026-07-03 20:06:28,056 train Epoch 004/150 | arcface 9.3798 | LR 1.92e-04
2026-07-03 20:06:45,087 train Epoch 005/150 | arcface 9.7552 | LR 2.46e-04
2026-07-03 20:07:02,079 train Epoch 006/150 | arcface 10.0176 | LR 3.00e-04
2026-07-03 20:07:19,531 train Epoch 007/150 | arcface 10.2538 | LR 3.00e-04
2026-07-03 20:07:37,228 train Epoch 008/150 | arcface 10.5765 | LR 3.00e-04
2026-07-03 20:07:54,371 train Epoch 009/150 | arcface 10.9428 | LR 3.00e-04
2026-07-03 20:08:11,435 verification [skip] no CSV for 131-03
2026-07-03 20:08:11,436 verification Cached 58/59 subjects in cache_verification
2026-07-03 20:08:13,664 train Epoch 010/150 | arcface 11.3623 | LR 2.99e-04 | val EER 10.34% rank1 44.8%  ★ best
2026-07-03 20:08:30,941 train Epoch 011/150 | arcface 11.7781 | LR 2.99e-04
2026-07-03 20:08:48,028 train Epoch 012/150 | arcface 12.2230 | LR 2.99e-04
2026-07-03 20:09:05,116 train Epoch 013/150 | arcface 12.7194 | LR 2.98e-04
2026-07-03 20:09:22,782 train Epoch 014/150 | arcface 13.1918 | LR 2.98e-04
2026-07-03 20:09:40,534 train Epoch 015/150 | arcface 13.6558 | LR 2.97e-04
2026-07-03 20:09:57,552 train Epoch 016/150 | arcface 13.4532 | LR 2.96e-04
2026-07-03 20:10:15,313 train Epoch 017/150 | arcface 13.2510 | LR 2.96e-04
2026-07-03 20:10:33,048 train Epoch 018/150 | arcface 13.0635 | LR 2.95e-04
2026-07-03 20:10:49,924 train Epoch 019/150 | arcface 12.8671 | LR 2.94e-04
2026-07-03 20:11:07,326 verification [skip] no CSV for 131-03
2026-07-03 20:11:07,326 verification Cached 58/59 subjects in cache_verification
2026-07-03 20:11:09,361 train Epoch 020/150 | arcface 12.7517 | LR 2.93e-04 | val EER 8.30% rank1 63.8%  ★ best
2026-07-03 20:11:27,432 train Epoch 021/150 | arcface 12.5100 | LR 2.92e-04
2026-07-03 20:11:45,117 train Epoch 022/150 | arcface 12.3616 | LR 2.91e-04
2026-07-03 20:12:02,473 train Epoch 023/150 | arcface 12.1985 | LR 2.90e-04
2026-07-03 20:12:20,049 train Epoch 024/150 | arcface 12.0282 | LR 2.89e-04
2026-07-03 20:12:37,215 train Epoch 025/150 | arcface 11.8515 | LR 2.87e-04
2026-07-03 20:12:54,228 train Epoch 026/150 | arcface 11.7155 | LR 2.86e-04
2026-07-03 20:13:11,505 train Epoch 027/150 | arcface 11.6016 | LR 2.85e-04
2026-07-03 20:13:28,519 train Epoch 028/150 | arcface 11.4442 | LR 2.83e-04
2026-07-03 20:13:45,545 train Epoch 029/150 | arcface 11.2909 | LR 2.82e-04
2026-07-03 20:14:03,249 verification [skip] no CSV for 131-03
2026-07-03 20:14:03,250 verification Cached 58/59 subjects in cache_verification
2026-07-03 20:14:05,289 train Epoch 030/150 | arcface 11.1454 | LR 2.80e-04 | val EER 7.11% rank1 70.7%  ★ best
2026-07-03 20:14:23,065 train Epoch 031/150 | arcface 11.0291 | LR 2.79e-04
2026-07-03 20:14:40,772 train Epoch 032/150 | arcface 10.9388 | LR 2.77e-04
2026-07-03 20:14:57,809 train Epoch 033/150 | arcface 10.7485 | LR 2.75e-04
2026-07-03 20:15:15,354 train Epoch 034/150 | arcface 10.6570 | LR 2.73e-04
2026-07-03 20:15:32,351 train Epoch 035/150 | arcface 10.5327 | LR 2.71e-04
2026-07-03 20:15:49,942 train Epoch 036/150 | arcface 10.3786 | LR 2.69e-04
2026-07-03 20:16:06,960 train Epoch 037/150 | arcface 10.2716 | LR 2.67e-04
2026-07-03 20:16:23,994 train Epoch 038/150 | arcface 10.1416 | LR 2.65e-04
2026-07-03 20:16:41,084 train Epoch 039/150 | arcface 10.0577 | LR 2.63e-04
2026-07-03 20:16:58,763 verification [skip] no CSV for 131-03
2026-07-03 20:16:58,764 verification Cached 58/59 subjects in cache_verification
2026-07-03 20:17:00,798 train Epoch 040/150 | arcface 9.9383 | LR 2.61e-04 | val EER 6.55% rank1 72.4%  ★ best
2026-07-03 20:17:18,723 train Epoch 041/150 | arcface 9.8725 | LR 2.59e-04
2026-07-03 20:17:35,730 train Epoch 042/150 | arcface 9.7407 | LR 2.57e-04
2026-07-03 20:17:53,471 train Epoch 043/150 | arcface 9.6296 | LR 2.54e-04
2026-07-03 20:18:11,296 train Epoch 044/150 | arcface 9.4998 | LR 2.52e-04
2026-07-03 20:18:28,400 train Epoch 045/150 | arcface 9.4430 | LR 2.50e-04
2026-07-03 20:18:45,691 train Epoch 046/150 | arcface 9.3214 | LR 2.47e-04
2026-07-03 20:19:03,465 train Epoch 047/150 | arcface 9.2267 | LR 2.45e-04
2026-07-03 20:19:21,253 train Epoch 048/150 | arcface 9.1662 | LR 2.42e-04
2026-07-03 20:19:39,159 train Epoch 049/150 | arcface 9.0217 | LR 2.40e-04
2026-07-03 20:19:56,229 verification [skip] no CSV for 131-03
2026-07-03 20:19:56,230 verification Cached 58/59 subjects in cache_verification
2026-07-03 20:19:58,260 train Epoch 050/150 | arcface 8.9432 | LR 2.37e-04 | val EER 6.82% rank1 69.0%
2026-07-03 20:20:15,685 train Epoch 051/150 | arcface 8.8175 | LR 2.34e-04
2026-07-03 20:20:32,568 train Epoch 052/150 | arcface 8.7504 | LR 2.32e-04
2026-07-03 20:20:49,481 train Epoch 053/150 | arcface 8.6471 | LR 2.29e-04
2026-07-03 20:21:06,473 train Epoch 054/150 | arcface 8.5515 | LR 2.26e-04
2026-07-03 20:21:24,298 train Epoch 055/150 | arcface 8.4356 | LR 2.23e-04
2026-07-03 20:21:41,867 train Epoch 056/150 | arcface 8.3447 | LR 2.20e-04
2026-07-03 20:21:59,539 train Epoch 057/150 | arcface 8.2788 | LR 2.17e-04
2026-07-03 20:22:17,365 train Epoch 058/150 | arcface 8.1885 | LR 2.15e-04
2026-07-03 20:22:35,122 train Epoch 059/150 | arcface 8.1425 | LR 2.12e-04
2026-07-03 20:22:52,032 verification [skip] no CSV for 131-03
2026-07-03 20:22:52,032 verification Cached 58/59 subjects in cache_verification
2026-07-03 20:22:54,060 train Epoch 060/150 | arcface 8.0295 | LR 2.09e-04 | val EER 5.46% rank1 62.1%  ★ best
2026-07-03 20:23:11,121 train Epoch 061/150 | arcface 7.9591 | LR 2.06e-04
2026-07-03 20:23:28,302 train Epoch 062/150 | arcface 7.8661 | LR 2.03e-04
2026-07-03 20:23:45,774 train Epoch 063/150 | arcface 7.7983 | LR 2.00e-04
2026-07-03 20:24:02,647 train Epoch 064/150 | arcface 7.6845 | LR 1.96e-04
2026-07-03 20:24:20,468 train Epoch 065/150 | arcface 7.6587 | LR 1.93e-04
2026-07-03 20:24:38,357 train Epoch 066/150 | arcface 7.5741 | LR 1.90e-04
2026-07-03 20:24:56,327 train Epoch 067/150 | arcface 7.4564 | LR 1.87e-04
2026-07-03 20:25:14,071 train Epoch 068/150 | arcface 7.4253 | LR 1.84e-04
2026-07-03 20:25:31,956 train Epoch 069/150 | arcface 7.3013 | LR 1.81e-04
2026-07-03 20:25:48,890 verification [skip] no CSV for 131-03
2026-07-03 20:25:48,891 verification Cached 58/59 subjects in cache_verification
2026-07-03 20:25:50,924 train Epoch 070/150 | arcface 7.2052 | LR 1.78e-04 | val EER 4.84% rank1 81.0%  ★ best
2026-07-03 20:26:08,269 train Epoch 071/150 | arcface 7.1574 | LR 1.74e-04
2026-07-03 20:26:25,407 train Epoch 072/150 | arcface 7.1032 | LR 1.71e-04
2026-07-03 20:26:43,161 train Epoch 073/150 | arcface 6.9734 | LR 1.68e-04
2026-07-03 20:27:01,251 train Epoch 074/150 | arcface 6.9688 | LR 1.65e-04
2026-07-03 20:27:19,140 train Epoch 075/150 | arcface 6.8404 | LR 1.62e-04
2026-07-03 20:27:36,200 train Epoch 076/150 | arcface 6.8120 | LR 1.58e-04
2026-07-03 20:27:53,094 train Epoch 077/150 | arcface 6.7428 | LR 1.55e-04
2026-07-03 20:28:10,709 train Epoch 078/150 | arcface 6.7092 | LR 1.52e-04
2026-07-03 20:28:27,580 train Epoch 079/150 | arcface 6.6344 | LR 1.49e-04
2026-07-03 20:28:45,311 verification [skip] no CSV for 131-03
2026-07-03 20:28:45,312 verification Cached 58/59 subjects in cache_verification
2026-07-03 20:28:47,357 train Epoch 080/150 | arcface 6.5291 | LR 1.45e-04 | val EER 6.81% rank1 72.4%
2026-07-03 20:29:04,939 train Epoch 081/150 | arcface 6.4706 | LR 1.42e-04
2026-07-03 20:29:22,453 train Epoch 082/150 | arcface 6.4002 | LR 1.39e-04
2026-07-03 20:29:39,784 train Epoch 083/150 | arcface 6.3557 | LR 1.36e-04
2026-07-03 20:29:57,427 train Epoch 084/150 | arcface 6.2989 | LR 1.32e-04
2026-07-03 20:30:14,540 train Epoch 085/150 | arcface 6.2435 | LR 1.29e-04
2026-07-03 20:30:32,236 train Epoch 086/150 | arcface 6.1430 | LR 1.26e-04
2026-07-03 20:30:49,935 train Epoch 087/150 | arcface 6.1051 | LR 1.23e-04
2026-07-03 20:31:06,970 train Epoch 088/150 | arcface 6.0386 | LR 1.20e-04
2026-07-03 20:31:24,105 train Epoch 089/150 | arcface 5.9864 | LR 1.16e-04
2026-07-03 20:31:41,571 verification [skip] no CSV for 131-03
2026-07-03 20:31:41,572 verification Cached 58/59 subjects in cache_verification
2026-07-03 20:31:43,602 train Epoch 090/150 | arcface 5.8939 | LR 1.13e-04 | val EER 5.17% rank1 84.5%
2026-07-03 20:32:00,914 train Epoch 091/150 | arcface 5.8607 | LR 1.10e-04
2026-07-03 20:32:18,032 train Epoch 092/150 | arcface 5.8022 | LR 1.07e-04
2026-07-03 20:32:34,841 train Epoch 093/150 | arcface 5.7442 | LR 1.04e-04
2026-07-03 20:32:52,577 train Epoch 094/150 | arcface 5.7009 | LR 1.01e-04
2026-07-03 20:33:09,829 train Epoch 095/150 | arcface 5.5992 | LR 9.77e-05
2026-07-03 20:33:26,792 train Epoch 096/150 | arcface 5.5756 | LR 9.47e-05
2026-07-03 20:33:44,378 train Epoch 097/150 | arcface 5.5424 | LR 9.17e-05
2026-07-03 20:34:01,962 train Epoch 098/150 | arcface 5.4908 | LR 8.87e-05
2026-07-03 20:34:18,932 train Epoch 099/150 | arcface 5.4397 | LR 8.58e-05
2026-07-03 20:34:36,562 verification [skip] no CSV for 131-03
2026-07-03 20:34:36,563 verification Cached 58/59 subjects in cache_verification
2026-07-03 20:34:38,600 train Epoch 100/150 | arcface 5.3875 | LR 8.28e-05 | val EER 4.76% rank1 77.6%  ★ best
2026-07-03 20:34:56,207 train Epoch 101/150 | arcface 5.3450 | LR 8.00e-05
2026-07-03 20:35:13,637 train Epoch 102/150 | arcface 5.3137 | LR 7.71e-05
2026-07-03 20:35:30,636 train Epoch 103/150 | arcface 5.2352 | LR 7.43e-05
2026-07-03 20:35:48,362 train Epoch 104/150 | arcface 5.1760 | LR 7.15e-05
2026-07-03 20:36:05,834 train Epoch 105/150 | arcface 5.1580 | LR 6.88e-05
2026-07-03 20:36:23,534 train Epoch 106/150 | arcface 5.1022 | LR 6.61e-05
2026-07-03 20:36:40,487 train Epoch 107/150 | arcface 5.0453 | LR 6.34e-05
2026-07-03 20:36:57,490 train Epoch 108/150 | arcface 5.0244 | LR 6.08e-05
2026-07-03 20:37:15,082 train Epoch 109/150 | arcface 5.0000 | LR 5.82e-05
2026-07-03 20:37:32,597 verification [skip] no CSV for 131-03
2026-07-03 20:37:32,598 verification Cached 58/59 subjects in cache_verification
2026-07-03 20:37:34,641 train Epoch 110/150 | arcface 4.9141 | LR 5.56e-05 | val EER 3.78% rank1 74.1%  ★ best
2026-07-03 20:37:52,747 train Epoch 111/150 | arcface 4.8916 | LR 5.31e-05
2026-07-03 20:38:10,480 train Epoch 112/150 | arcface 4.9080 | LR 5.07e-05
2026-07-03 20:38:27,636 train Epoch 113/150 | arcface 4.8242 | LR 4.83e-05
2026-07-03 20:38:45,125 train Epoch 114/150 | arcface 4.7778 | LR 4.59e-05
2026-07-03 20:39:02,215 train Epoch 115/150 | arcface 4.7696 | LR 4.36e-05
2026-07-03 20:39:19,172 train Epoch 116/150 | arcface 4.7619 | LR 4.14e-05
2026-07-03 20:39:36,553 train Epoch 117/150 | arcface 4.7034 | LR 3.92e-05
2026-07-03 20:39:53,575 train Epoch 118/150 | arcface 4.6577 | LR 3.70e-05
2026-07-03 20:40:10,458 train Epoch 119/150 | arcface 4.6452 | LR 3.49e-05
2026-07-03 20:40:27,285 verification [skip] no CSV for 131-03
2026-07-03 20:40:27,285 verification Cached 58/59 subjects in cache_verification
2026-07-03 20:40:29,315 train Epoch 120/150 | arcface 4.5701 | LR 3.28e-05 | val EER 3.57% rank1 79.3%  ★ best
2026-07-03 20:40:46,416 train Epoch 121/150 | arcface 4.5547 | LR 3.09e-05
2026-07-03 20:41:03,545 train Epoch 122/150 | arcface 4.5551 | LR 2.89e-05
2026-07-03 20:41:20,546 train Epoch 123/150 | arcface 4.5273 | LR 2.70e-05
2026-07-03 20:41:37,555 train Epoch 124/150 | arcface 4.5276 | LR 2.52e-05
2026-07-03 20:41:54,609 train Epoch 125/150 | arcface 4.4532 | LR 2.35e-05
2026-07-03 20:42:12,188 train Epoch 126/150 | arcface 4.4942 | LR 2.17e-05
2026-07-03 20:42:29,800 train Epoch 127/150 | arcface 4.4423 | LR 2.01e-05
2026-07-03 20:42:47,497 train Epoch 128/150 | arcface 4.4112 | LR 1.85e-05
2026-07-03 20:43:04,981 train Epoch 129/150 | arcface 4.4152 | LR 1.70e-05
2026-07-03 20:43:21,932 verification [skip] no CSV for 131-03
2026-07-03 20:43:21,933 verification Cached 58/59 subjects in cache_verification
2026-07-03 20:43:23,964 train Epoch 130/150 | arcface 4.4079 | LR 1.55e-05 | val EER 3.45% rank1 77.6%  ★ best
2026-07-03 20:43:41,868 train Epoch 131/150 | arcface 4.3515 | LR 1.41e-05
2026-07-03 20:43:59,070 train Epoch 132/150 | arcface 4.3295 | LR 1.28e-05
2026-07-03 20:44:16,388 train Epoch 133/150 | arcface 4.3367 | LR 1.16e-05
2026-07-03 20:44:34,059 train Epoch 134/150 | arcface 4.3229 | LR 1.04e-05
2026-07-03 20:44:51,094 train Epoch 135/150 | arcface 4.3043 | LR 9.21e-06
2026-07-03 20:45:08,034 train Epoch 136/150 | arcface 4.2885 | LR 8.14e-06
2026-07-03 20:45:25,279 train Epoch 137/150 | arcface 4.2861 | LR 7.14e-06
2026-07-03 20:45:42,847 train Epoch 138/150 | arcface 4.2974 | LR 6.20e-06
2026-07-03 20:46:00,544 train Epoch 139/150 | arcface 4.2500 | LR 5.34e-06
2026-07-03 20:46:18,337 verification [skip] no CSV for 131-03
2026-07-03 20:46:18,338 verification Cached 58/59 subjects in cache_verification
2026-07-03 20:46:20,375 train Epoch 140/150 | arcface 4.2612 | LR 4.54e-06 | val EER 3.45% rank1 77.6%
2026-07-03 20:46:37,634 train Epoch 141/150 | arcface 4.2512 | LR 3.80e-06
2026-07-03 20:46:55,363 train Epoch 142/150 | arcface 4.2637 | LR 3.14e-06
2026-07-03 20:47:12,536 train Epoch 143/150 | arcface 4.2669 | LR 2.55e-06
2026-07-03 20:47:29,900 train Epoch 144/150 | arcface 4.2405 | LR 2.02e-06
2026-07-03 20:47:47,644 train Epoch 145/150 | arcface 4.2664 | LR 1.56e-06
2026-07-03 20:48:04,742 train Epoch 146/150 | arcface 4.2276 | LR 1.18e-06
2026-07-03 20:48:22,368 train Epoch 147/150 | arcface 4.2550 | LR 8.62e-07
2026-07-03 20:48:40,070 train Epoch 148/150 | arcface 4.2582 | LR 6.16e-07
2026-07-03 20:48:57,035 train Epoch 149/150 | arcface 4.2578 | LR 4.41e-07
2026-07-03 20:49:14,445 verification [skip] no CSV for 131-03
2026-07-03 20:49:14,446 verification Cached 58/59 subjects in cache_verification
2026-07-03 20:49:16,478 train Epoch 150/150 | arcface 4.2191 | LR 3.35e-07 | val EER 3.45% rank1 79.3%
2026-07-03 20:49:16,671 train Done. Best val eer: 0.0345 → checkpoints_verification/s2b.pt
2026-07-03 20:49:16,671 train Per-epoch history → checkpoints_verification/s2b_history.csv  (plot: python plot_metrics.py curves --history checkpoints_verification/s2b_history.csv)
2026年  7月  3日 金曜日 20:49:18 JST: S-family completed.
